Archive member included because of file (symbol)

c:/software/altera/10.1/nios2eds/bin/gnu/h-i686-mingw32/bin/../lib/gcc/nios2-elf/4.1.2/../../../../nios2-elf/lib/mno-hw-mul\libm.a(lib_a-s_ceil.o)
                              obj/main.o (ceil)
c:/software/altera/10.1/nios2eds/bin/gnu/h-i686-mingw32/bin/../lib/gcc/nios2-elf/4.1.2/../../../../nios2-elf/lib/mno-hw-mul\libm.a(lib_a-s_floor.o)
                              obj/main.o (floor)
c:/software/altera/10.1/nios2eds/bin/gnu/h-i686-mingw32/bin/../lib/gcc/nios2-elf/4.1.2/mno-hw-mul\libgcc.a(_addsub_df.o)
                              obj/main.o (__adddf3)
c:/software/altera/10.1/nios2eds/bin/gnu/h-i686-mingw32/bin/../lib/gcc/nios2-elf/4.1.2/mno-hw-mul\libgcc.a(_gt_df.o)
                              c:/software/altera/10.1/nios2eds/bin/gnu/h-i686-mingw32/bin/../lib/gcc/nios2-elf/4.1.2/../../../../nios2-elf/lib/mno-hw-mul\libm.a(lib_a-s_ceil.o) (__gtdf2)
c:/software/altera/10.1/nios2eds/bin/gnu/h-i686-mingw32/bin/../lib/gcc/nios2-elf/4.1.2/mno-hw-mul\libgcc.a(_si_to_df.o)
                              obj/main.o (__floatsidf)
c:/software/altera/10.1/nios2eds/bin/gnu/h-i686-mingw32/bin/../lib/gcc/nios2-elf/4.1.2/mno-hw-mul\libgcc.a(_df_to_si.o)
                              obj/main.o (__fixdfsi)
c:/software/altera/10.1/nios2eds/bin/gnu/h-i686-mingw32/bin/../lib/gcc/nios2-elf/4.1.2/mno-hw-mul\libgcc.a(_thenan_df.o)
                              c:/software/altera/10.1/nios2eds/bin/gnu/h-i686-mingw32/bin/../lib/gcc/nios2-elf/4.1.2/mno-hw-mul\libgcc.a(_addsub_df.o) (__thenan_df)
c:/software/altera/10.1/nios2eds/bin/gnu/h-i686-mingw32/bin/../lib/gcc/nios2-elf/4.1.2/mno-hw-mul\libgcc.a(_usi_to_df.o)
                              obj/main.o (__floatunsidf)
c:/software/altera/10.1/nios2eds/bin/gnu/h-i686-mingw32/bin/../lib/gcc/nios2-elf/4.1.2/mno-hw-mul\libgcc.a(lib2-divmod.o)
                              obj/main.o (__divsi3)
c:/software/altera/10.1/nios2eds/bin/gnu/h-i686-mingw32/bin/../lib/gcc/nios2-elf/4.1.2/mno-hw-mul\libgcc.a(lib2-divtable.o)
                              obj/main.o (__divsi3_table)
c:/software/altera/10.1/nios2eds/bin/gnu/h-i686-mingw32/bin/../lib/gcc/nios2-elf/4.1.2/mno-hw-mul\libgcc.a(lib2-mul.o)
                              obj/main.o (__mulsi3)
c:/software/altera/10.1/nios2eds/bin/gnu/h-i686-mingw32/bin/../lib/gcc/nios2-elf/4.1.2/mno-hw-mul\libgcc.a(_clzsi2.o)
                              c:/software/altera/10.1/nios2eds/bin/gnu/h-i686-mingw32/bin/../lib/gcc/nios2-elf/4.1.2/mno-hw-mul\libgcc.a(_si_to_df.o) (__clzsi2)
c:/software/altera/10.1/nios2eds/bin/gnu/h-i686-mingw32/bin/../lib/gcc/nios2-elf/4.1.2/mno-hw-mul\libgcc.a(_pack_df.o)
                              c:/software/altera/10.1/nios2eds/bin/gnu/h-i686-mingw32/bin/../lib/gcc/nios2-elf/4.1.2/mno-hw-mul\libgcc.a(_addsub_df.o) (__pack_d)
c:/software/altera/10.1/nios2eds/bin/gnu/h-i686-mingw32/bin/../lib/gcc/nios2-elf/4.1.2/mno-hw-mul\libgcc.a(_unpack_df.o)
                              c:/software/altera/10.1/nios2eds/bin/gnu/h-i686-mingw32/bin/../lib/gcc/nios2-elf/4.1.2/mno-hw-mul\libgcc.a(_addsub_df.o) (__unpack_d)
c:/software/altera/10.1/nios2eds/bin/gnu/h-i686-mingw32/bin/../lib/gcc/nios2-elf/4.1.2/mno-hw-mul\libgcc.a(_fpcmp_parts_df.o)
                              c:/software/altera/10.1/nios2eds/bin/gnu/h-i686-mingw32/bin/../lib/gcc/nios2-elf/4.1.2/mno-hw-mul\libgcc.a(_gt_df.o) (__fpcmp_parts_d)
c:/software/altera/10.1/nios2eds/bin/gnu/h-i686-mingw32/bin/../lib/gcc/nios2-elf/4.1.2/mno-hw-mul\libgcc.a(_clz.o)
                              c:/software/altera/10.1/nios2eds/bin/gnu/h-i686-mingw32/bin/../lib/gcc/nios2-elf/4.1.2/mno-hw-mul\libgcc.a(_clzsi2.o) (__clz_tab)
c:/software/altera/10.1/nios2eds/bin/gnu/h-i686-mingw32/bin/../lib/gcc/nios2-elf/4.1.2/../../../../nios2-elf/lib/mno-hw-mul\libc.a(lib_a-memset.o)
                              obj/main.o (memset)
c:/software/altera/10.1/nios2eds/bin/gnu/h-i686-mingw32/bin/../lib/gcc/nios2-elf/4.1.2/../../../../nios2-elf/lib/mno-hw-mul\libc.a(lib_a-printf.o)
                              obj/main.o (printf)
c:/software/altera/10.1/nios2eds/bin/gnu/h-i686-mingw32/bin/../lib/gcc/nios2-elf/4.1.2/../../../../nios2-elf/lib/mno-hw-mul\libc.a(lib_a-puts.o)
                              obj/main.o (puts)
c:/software/altera/10.1/nios2eds/bin/gnu/h-i686-mingw32/bin/../lib/gcc/nios2-elf/4.1.2/../../../../nios2-elf/lib/mno-hw-mul\libc.a(lib_a-strcmp.o)
                              obj/main.o (strcmp)
c:/software/altera/10.1/nios2eds/bin/gnu/h-i686-mingw32/bin/../lib/gcc/nios2-elf/4.1.2/../../../../nios2-elf/lib/mno-hw-mul\libc.a(lib_a-strcpy.o)
                              obj/main.o (strcpy)
c:/software/altera/10.1/nios2eds/bin/gnu/h-i686-mingw32/bin/../lib/gcc/nios2-elf/4.1.2/../../../../nios2-elf/lib/mno-hw-mul\libc.a(lib_a-strlen.o)
                              obj/LCD.o (strlen)
c:/software/altera/10.1/nios2eds/bin/gnu/h-i686-mingw32/bin/../lib/gcc/nios2-elf/4.1.2/../../../../nios2-elf/lib/mno-hw-mul\libc.a(lib_a-vfprintf.o)
[...]
Memory Configuration

Name             Origin             Length             Attributes
reset            0x02000000         0x00000020
sdram_0          0x02000020         0x007fffe0
*default*        0x00000000         0xffffffff

Linker script and memory map

LOAD ../lab2_bsp/obj/HAL/src/crt0.o
LOAD obj/LCD.o
LOAD obj/Open_I2C.o
LOAD obj/main.o
LOAD obj/wm8731.o
LOAD c:/software/altera/10.1/nios2eds/bin/gnu/h-i686-mingw32/bin/../lib/gcc/nios2-elf/4.1.2/../../../../nios2-elf/lib/mno-hw-mul\libstdc++.a
LOAD c:/software/altera/10.1/nios2eds/bin/gnu/h-i686-mingw32/bin/../lib/gcc/nios2-elf/4.1.2/../../../../nios2-elf/lib/mno-hw-mul\libm.a
LOAD c:/software/altera/10.1/nios2eds/bin/gnu/h-i686-mingw32/bin/../lib/gcc/nios2-elf/4.1.2/mno-hw-mul\libgcc.a
START GROUP
LOAD c:/software/altera/10.1/nios2eds/bin/gnu/h-i686-mingw32/bin/../lib/gcc/nios2-elf/4.1.2/../../../../nios2-elf/lib/mno-hw-mul\libc.a
LOAD c:/software/altera/10.1/nios2eds/bin/gnu/h-i686-mingw32/bin/../lib/gcc/nios2-elf/4.1.2/mno-hw-mul\libgcc.a
LOAD ../lab2_bsp\libhal_bsp.a
END GROUP
LOAD c:/software/altera/10.1/nios2eds/bin/gnu/h-i686-mingw32/bin/../lib/gcc/nios2-elf/4.1.2/mno-hw-mul\libgcc.a
                0x02000000                __alt_mem_sdram_0 = 0x2000000

.entry          0x02000000       0x20
 *(.entry)
 .entry         0x02000000       0x20 ../lab2_bsp/obj/HAL/src/crt0.o
                0x02000000                __reset

.exceptions     0x02000020      0x194
                0x02000020                PROVIDE (__ram_exceptions_start, ABSOLUTE (.))
                0x02000020                . = ALIGN (0x20)
 *(.irq)
 *(.exceptions.entry.label)
 .exceptions.entry.label
                0x02000020        0x0 ../lab2_bsp\libhal_bsp.a(alt_irq_entry.o)
                0x02000020                alt_irq_entry
 .exceptions.entry.label
                0x02000020        0x0 ../lab2_bsp\libhal_bsp.a(alt_exception_entry.o)
                0x02000020                alt_exception
 *(.exceptions.entry.user)
 *(.exceptions.entry)
 .exceptions.entry
                0x02000020       0x54 ../lab2_bsp\libhal_bsp.a(alt_exception_entry.o)
 *(.exceptions.irqtest.user)
 *(.exceptions.irqtest)
 .exceptions.irqtest
                0x02000074       0x10 ../lab2_bsp\libhal_bsp.a(alt_irq_entry.o)
 *(.exceptions.irqhandler.user)
 *(.exceptions.irqhandler)
 .exceptions.irqhandler
                0x02000084        0x4 ../lab2_bsp\libhal_bsp.a(alt_irq_entry.o)
 *(.exceptions.irqreturn.user)
 *(.exceptions.irqreturn)
 .exceptions.irqreturn
                0x02000088        0x4 ../lab2_bsp\libhal_bsp.a(alt_irq_entry.o)
 *(.exceptions.notirq.label)
 .exceptions.notirq.label
                0x0200008c        0x0 ../lab2_bsp\libhal_bsp.a(alt_irq_entry.o)
 *(.exceptions.notirq.user)
 *(.exceptions.notirq)
 .exceptions.notirq
                0x0200008c        0x8 ../lab2_bsp\libhal_bsp.a(alt_exception_entry.o)
 *(.exceptions.soft.user)
 *(.exceptions.soft)
 *(.exceptions.unknown.user)
 *(.exceptions.unknown)
 .exceptions.unknown
                0x02000094        0x4 ../lab2_bsp\libhal_bsp.a(alt_exception_entry.o)
 *(.exceptions.exit.label)
 .exceptions.exit.label
                0x02000098        0x0 ../lab2_bsp\libhal_bsp.a(alt_irq_entry.o)
 .exceptions.exit.label
                0x02000098        0x0 ../lab2_bsp\libhal_bsp.a(alt_exception_entry.o)
 *(.exceptions.exit.user)
 *(.exceptions.exit)
 .exceptions.exit
                0x02000098       0x54 ../lab2_bsp\libhal_bsp.a(alt_exception_entry.o)
 *(.exceptions)
 .exceptions    0x020000ec       0xc8 ../lab2_bsp\libhal_bsp.a(alt_irq_handler.o)
                0x020000ec                alt_irq_handler
                0x020001b4                PROVIDE (__ram_exceptions_end, ABSOLUTE (.))
                0x02000020                PROVIDE (__flash_exceptions_start, LOADADDR (.exceptions))

.text           0x020001b4    0x10e80
                0x020001b4                PROVIDE (stext, ABSOLUTE (.))
 *(.interp)
 *(.hash)
 *(.dynsym)
 *(.dynstr)
 *(.gnu.version)
 *(.gnu.version_d)
 *(.gnu.version_r)
 *(.rel.init)
 *(.rela.init)
 *(.rel.text .rel.text.* .rel.gnu.linkonce.t.*)
 *(.rela.text .rela.text.* .rela.gnu.linkonce.t.*)
 *(.rel.fini)
 *(.rela.fini)
 *(.rel.rodata .rel.rodata.* .rel.gnu.linkonce.r.*)
 *(.rela.rodata .rela.rodata.* .rela.gnu.linkonce.r.*)
 *(.rel.data .rel.data.* .rel.gnu.linkonce.d.*)
 *(.rela.data .rela.data.* .rela.gnu.linkonce.d.*)
 *(.rel.tdata .rel.tdata.* .rel.gnu.linkonce.td.*)
 *(.rela.tdata .rela.tdata.* .rela.gnu.linkonce.td.*)
 *(.rel.tbss .rel.tbss.* .rel.gnu.linkonce.tb.*)
 *(.rela.tbss .rela.tbss.* .rela.gnu.linkonce.tb.*)
 *(.rel.ctors)
 *(.rela.ctors)
 *(.rel.dtors)
 *(.rela.dtors)
 *(.rel.got)
 *(.rela.got)
 *(.rel.sdata .rel.sdata.* .rel.gnu.linkonce.s.*)
 *(.rela.sdata .rela.sdata.* .rela.gnu.linkonce.s.*)
 *(.rel.sbss .rel.sbss.* .rel.gnu.linkonce.sb.*)
 *(.rela.sbss .rela.sbss.* .rela.gnu.linkonce.sb.*)
 *(.rel.sdata2 .rel.sdata2.* .rel.gnu.linkonce.s2.*)
 *(.rela.sdata2 .rela.sdata2.* .rela.gnu.linkonce.s2.*)
 *(.rel.sbss2 .rel.sbss2.* .rel.gnu.linkonce.sb2.*)
 *(.rela.sbss2 .rela.sbss2.* .rela.gnu.linkonce.sb2.*)
 *(.rel.bss .rel.bss.* .rel.gnu.linkonce.b.*)
 *(.rela.bss .rela.bss.* .rela.gnu.linkonce.b.*)
 *(.rel.plt)
 *(.rela.plt)
 *(.rel.dyn)
 *(.init)
 *(.plt)
 *(.text .stub .text.* .gnu.linkonce.t.*)
 .text          0x020001b4       0x3c ../lab2_bsp/obj/HAL/src/crt0.o
                0x020001b4                _start
 .text          0x020001f0      0x50c obj/LCD.o
                0x020001f0                LCD_Line2
                0x02000204                LCD_Init
                0x0200027c                LCD_Show_Text
                0x020002dc                LCD_Test
                0x020003d4                LCD_File_Buffering
                0x02000504                LCD_Display
 .text          0x020006fc      0x134 obj/Open_I2C.o
                0x020006fc                I2C_Read_CMD
                0x0200070c                I2C_Read_Status
                0x0200071c                I2C_Read_RX
                0x0200072c                I2C_Read_Ctrl
                0x0200073c                I2C_Read_Period
                0x02000760                I2C_Write_CMD
                0x02000770                I2C_Write_TX
                0x02000780                I2C_Write_Ctrl
                0x02000790                I2C_Write_Period
                0x020007ac                I2C_Send
                0x02000808                I2C_Init
 .text          0x02000830     0x28ec obj/main.o
                0x02000830                FirstSectorofCluster
                0x02000860                isEOF
                0x020008f0                send_cmd
                0x020009f4                response_R
                0x02000be0                Ncc
                0x02000c2c                Ncr
                0x02000c50                info_bs
                0x02000de4                SD_card_init
                0x02001258                SD_read_lba
                0x020014b4                get_rel_sector
                0x02001658                search_for_filetype
                0x02001a98                CalcFATSecAndOffset
                0x02001ca4                build_cluster_chain
                0x02001d84                prevsong
                0x02001f04                nextsong
                0x02002078                init_bs
                0x020025a0                init_mbr
                0x020026a8                double_speed
                0x020027fc                half_speed
                0x0200292c                normal_speed
                0x02002a80                delay
                0x02002cd8                reverse
                0x02002e20                main
 .text          0x0200311c      0x160 obj/wm8731.o
                0x0200311c                init_audio_codec
 .text          0x0200327c      0x214 c:/software/altera/10.1/nios2eds/bin/gnu/h-i686-mingw32/bin/../lib/gcc/nios2-elf/4.1.2/../../../../nios2-elf/lib/mno-hw-mul\libm.a(lib_a-s_ceil.o)
                0x0200327c                ceil
 .text          0x02003490      0x224 c:/software/altera/10.1/nios2eds/bin/gnu/h-i686-mingw32/bin/../lib/gcc/nios2-elf/4.1.2/../../../../nios2-elf/lib/mno-hw-mul\libm.a(lib_a-s_floor.o)
                0x02003490                floor
 .text          0x020036b4      0x504 c:/software/altera/10.1/nios2eds/bin/gnu/h-i686-mingw32/bin/../lib/gcc/nios2-elf/4.1.2/mno-hw-mul\libgcc.a(_addsub_df.o)
                0x02003ac4                __subdf3
                0x02003b44                __adddf3
 .text          0x02003bb8       0x88 c:/software/altera/10.1/nios2eds/bin/gnu/h-i686-mingw32/bin/../lib/gcc/nios2-elf/4.1.2/mno-hw-mul\libgcc.a(_gt_df.o)
                0x02003bb8                __gtdf2
 .text          0x02003c40       0xf8 c:/software/altera/10.1/nios2eds/bin/gnu/h-i686-mingw32/bin/../lib/gcc/nios2-elf/4.1.2/mno-hw-mul\libgcc.a(_si_to_df.o)
                0x02003c40                __floatsidf
 .text          0x02003d38       0xd8 c:/software/altera/10.1/nios2eds/bin/gnu/h-i686-mingw32/bin/../lib/gcc/nios2-elf/4.1.2/mno-hw-mul\libgcc.a(_df_to_si.o)
                0x02003d38                __fixdfsi
 .text          0x02003e10        0x0 c:/software/altera/10.1/nios2eds/bin/gnu/h-i686-mingw32/bin/../lib/gcc/nios2-elf/4.1.2/mno-hw-mul\libgcc.a(_thenan_df.o)
 .text          0x02003e10      0x194 c:/software/altera/10.1/nios2eds/bin/gnu/h-i686-mingw32/bin/../lib/gcc/nios2-elf/4.1.2/mno-hw-mul\libgcc.a(_usi_to_df.o)
                0x02003e10                __floatunsidf
 .text          0x02003fa4      0x14c c:/software/altera/10.1/nios2eds/bin/gnu/h-i686-mingw32/bin/../lib/gcc/nios2-elf/4.1.2/mno-hw-mul\libgcc.a(lib2-divmod.o)
                0x02004020                __divsi3
                0x02004080                __modsi3
                0x020040e0                __udivsi3
                0x020040e8                __umodsi3
 .text          0x020040f0        0x0 c:/software/altera/10.1/nios2eds/bin/gnu/h-i686-mingw32/bin/../lib/gcc/nios2-elf/4.1.2/mno-hw-mul\libgcc.a(lib2-divtable.o)
 .text          0x020040f0       0x38 c:/software/altera/10.1/nios2eds/bin/gnu/h-i686-mingw32/bin/../lib/gcc/nios2-elf/4.1.2/mno-hw-mul\libgcc.a(lib2-mul.o)
                0x020040f0                __mulsi3
 .text          0x02004128       0x80 c:/software/altera/10.1/nios2eds/bin/gnu/h-i686-mingw32/bin/../lib/gcc/nios2-elf/4.1.2/mno-hw-mul\libgcc.a(_clzsi2.o)
                0x02004128                __clzsi2
 .text          0x020041a8      0x314 c:/software/altera/10.1/nios2eds/bin/gnu/h-i686-mingw32/bin/../lib/gcc/nios2-elf/4.1.2/mno-hw-mul\libgcc.a(_pack_df.o)
                0x020041a8                __pack_d
 .text          0x020044bc      0x138 c:/software/altera/10.1/nios2eds/bin/gnu/h-i686-mingw32/bin/../lib/gcc/nios2-elf/4.1.2/mno-hw-mul\libgcc.a(_unpack_df.o)
                0x020044bc                __unpack_d
 .text          0x020045f4       0xc8 c:/software/altera/10.1/nios2eds/bin/gnu/h-i686-mingw32/bin/../lib/gcc/nios2-elf/4.1.2/mno-hw-mul\libgcc.a(_fpcmp_parts_df.o)
                0x020045f4                __fpcmp_parts_d
 .text          0x020046bc        0x0 c:/software/altera/10.1/nios2eds/bin/gnu/h-i686-mingw32/bin/../lib/gcc/nios2-elf/4.1.2/mno-hw-mul\libgcc.a(_clz.o)
 .text          0x020046bc       0x98 c:/software/altera/10.1/nios2eds/bin/gnu/h-i686-mingw32/bin/../lib/gcc/nios2-elf/4.1.2/../../../../nios2-elf/lib/mno-hw-mul\libc.a(lib_a-memset.o)
                0x020046bc                memset
 .text          0x02004754       0x78 c:/software/altera/10.1/nios2eds/bin/gnu/h-i686-mingw32/bin/../lib/gcc/nios2-elf/4.1.2/../../../../nios2-elf/lib/mno-hw-mul\libc.a(lib_a-printf.o)
                0x02004754                printf
                0x02004798                _printf_r
 .text          0x020047cc       0xb4 c:/software/altera/10.1/nios2eds/bin/gnu/h-i686-mingw32/bin/../lib/gcc/nios2-elf/4.1.2/../../../../nios2-elf/lib/mno-hw-mul\libc.a(lib_a-puts.o)
                0x020047cc                _puts_r
                0x0200486c                puts
 .text          0x02004880       0xbc c:/software/altera/10.1/nios2eds/bin/gnu/h-i686-mingw32/bin/../lib/gcc/nios2-elf/4.1.2/../../../../nios2-elf/lib/mno-hw-mul\libc.a(lib_a-strcmp.o)
                0x02004880                strcmp
 .text          0x0200493c       0x8c c:/software/altera/10.1/nios2eds/bin/gnu/h-i686-mingw32/bin/../lib/gcc/nios2-elf/4.1.2/../../../../nios2-elf/lib/mno-hw-mul\libc.a(lib_a-strcpy.o)
                0x0200493c                strcpy
 .text          0x020049c8       0x74 c:/software/altera/10.1/nios2eds/bin/gnu/h-i686-mingw32/bin/../lib/gcc/nios2-elf/4.1.2/../../../../nios2-elf/lib/mno-hw-mul\libc.a(lib_a-strlen.o)
                0x020049c8                strlen
 .text          0x02004a3c     0x1f40 c:/software/altera/10.1/nios2eds/bin/gnu/h-i686-mingw32/bin/../lib/gcc/nios2-elf/4.1.2/../../../../nios2-elf/lib/mno-hw-mul\libc.a(lib_a-vfprintf.o)
                0x02004a94                ___vfprintf_internal_r
                0x02006958                __vfprintf_internal
 .text          0x0200697c      0x13c c:/software/altera/10.1/nios2eds/bin/gnu/h-i686-mingw32/bin/../lib/gcc/nios2-elf/4.1.2/../../../../nios2-elf/lib/mno-hw-mul\libc.a(lib_a-wsetup.o)
                0x0200697c                __swsetup_r
 .text          0x02006ab8     0x17f8 c:/software/altera/10.1/nios2eds/bin/gnu/h-i686-mingw32/bin/../lib/gcc/nios2-elf/4.1.2/../../../../nios2-elf/lib/mno-hw-mul\libc.a(lib_a-dtoa.o)
                0x02006cfc                _dtoa_r
 .text          0x020082b0      0x230 c:/software/altera/10.1/nios2eds/bin/gnu/h-i686-mingw32/bin/../lib/gcc/nios2-elf/4.1.2/../../../../nios2-elf/lib/mno-hw-mul\libc.a(lib_a-fflush.o)
                0x020082b0                _fflush_r
                0x020084ac                fflush
 .text          0x020084e0      0x2f4 c:/software/altera/10.1/nios2eds/bin/gnu/h-i686-mingw32/bin/../lib/gcc/nios2-elf/4.1.2/../../../../nios2-elf/lib/mno-hw-mul\libc.a(lib_a-findfp.o)
                0x02008538                __sfp_lock_acquire
                0x0200853c                __sfp_lock_release
                0x02008540                __sinit_lock_acquire
                0x02008544                __sinit_lock_release
                0x02008548                __sinit
                0x020085fc                __fp_unlock_all
                0x02008614                __fp_lock_all
                0x0200862c                _cleanup_r
                0x02008638                _cleanup
                0x02008648                __sfmoreglue
                0x020086e4                __sfp
 .text          0x020087d4      0x440 c:/software/altera/10.1/nios2eds/bin/gnu/h-i686-mingw32/bin/../lib/gcc/nios2-elf/4.1.2/../../../../nios2-elf/lib/mno-hw-mul\libc.a(lib_a-freer.o)
                0x020087d4                _malloc_trim_r
                0x02008900                _free_r
 .text          0x02008c14      0x49c c:/software/altera/10.1/nios2eds/bin/gnu/h-i686-mingw32/bin/../lib/gcc/nios2-elf/4.1.2/../../../../nios2-elf/lib/mno-hw-mul\libc.a(lib_a-fvwrite.o)
                0x02008c14                __sfvwrite_r
 .text          0x020090b0      0x180 c:/software/altera/10.1/nios2eds/bin/gnu/h-i686-mingw32/bin/../lib/gcc/nios2-elf/4.1.2/../../../../nios2-elf/lib/mno-hw-mul\libc.a(lib_a-fwalk.o)
                0x020090b0                _fwalk_reent
                0x02009178                _fwalk
 .text          0x02009230        0x0 c:/software/altera/10.1/nios2eds/bin/gnu/h-i686-mingw32/bin/../lib/gcc/nios2-elf/4.1.2/../../../../nios2-elf/lib/mno-hw-mul\libc.a(lib_a-impure.o)
 .text          0x02009230       0xc4 c:/software/altera/10.1/nios2eds/bin/gnu/h-i686-mingw32/bin/../lib/gcc/nios2-elf/4.1.2/../../../../nios2-elf/lib/mno-hw-mul\libc.a(lib_a-locale.o)
                0x02009230                __locale_charset
                0x02009238                _localeconv_r
                0x02009244                localeconv
                0x02009254                _setlocale_r
                0x020092d8                setlocale
 .text          0x020092f4      0x194 c:/software/altera/10.1/nios2eds/bin/gnu/h-i686-mingw32/bin/../lib/gcc/nios2-elf/4.1.2/../../../../nios2-elf/lib/mno-hw-mul\libc.a(lib_a-makebuf.o)
                0x020092f4                __smakebuf_r
 .text          0x02009488      0x740 c:/software/altera/10.1/nios2eds/bin/gnu/h-i686-mingw32/bin/../lib/gcc/nios2-elf/4.1.2/../../../../nios2-elf/lib/mno-hw-mul\libc.a(lib_a-mallocr.o)
                0x02009488                _malloc_r
 .text          0x02009bc8       0xe4 c:/software/altera/10.1/nios2eds/bin/gnu/h-i686-mingw32/bin/../lib/gcc/nios2-elf/4.1.2/../../../../nios2-elf/lib/mno-hw-mul\libc.a(lib_a-memchr.o)
                0x02009bc8                memchr
 .text          0x02009cac       0xa0 c:/software/altera/10.1/nios2eds/bin/gnu/h-i686-mingw32/bin/../lib/gcc/nios2-elf/4.1.2/../../../../nios2-elf/lib/mno-hw-mul\libc.a(lib_a-memcpy.o)
                0x02009cac                memcpy
 .text          0x02009d4c       0xe0 c:/software/altera/10.1/nios2eds/bin/gnu/h-i686-mingw32/bin/../lib/gcc/nios2-elf/4.1.2/../../../../nios2-elf/lib/mno-hw-mul\libc.a(lib_a-memmove.o)
                0x02009d4c                memmove
 .text          0x02009e2c     0x108c c:/software/altera/10.1/nios2eds/bin/gnu/h-i686-mingw32/bin/../lib/gcc/nios2-elf/4.1.2/../../../../nios2-elf/lib/mno-hw-mul\libc.a(lib_a-mprec.o)
                0x02009e2c                _Bfree
                0x02009e54                __hi0bits
                0x02009ec4                __lo0bits
                0x02009f88                __mcmp
                0x02009fe8                __ulp
                0x0200a068                __b2d
                0x0200a188                __ratio
                0x0200a238                _mprec_log10
                0x0200a2cc                __copybits
                0x0200a324                __any_on
                0x0200a3ac                _Balloc
                0x0200a468                __d2b
                0x0200a5e4                __mdiff
                0x0200a770                __lshift
                0x0200a8bc                __multiply
                0x0200ab10                __i2b
                0x0200ab4c                __multadd
                0x0200ac78                __pow5mult
                0x0200ad98                __s2b
 .text          0x0200aeb8      0x5f4 c:/software/altera/10.1/nios2eds/bin/gnu/h-i686-mingw32/bin/../lib/gcc/nios2-elf/4.1.2/../../../../nios2-elf/lib/mno-hw-mul\libc.a(lib_a-reallocr.o)
                0x0200aeb8                _realloc_r
 .text          0x0200b4ac       0x40 c:/software/altera/10.1/nios2eds/bin/gnu/h-i686-mingw32/bin/../lib/gcc/nios2-elf/4.1.2/../../../../nios2-elf/lib/mno-hw-mul\libc.a(lib_a-s_isinfd.o)
                0x0200b4ac                __isinfd
 .text          0x0200b4ec       0x30 c:/software/altera/10.1/nios2eds/bin/gnu/h-i686-mingw32/bin/../lib/gcc/nios2-elf/4.1.2/../../../../nios2-elf/lib/mno-hw-mul\libc.a(lib_a-s_isnand.o)
                0x0200b4ec                __isnand
 .text          0x0200b51c       0x70 c:/software/altera/10.1/nios2eds/bin/gnu/h-i686-mingw32/bin/../lib/gcc/nios2-elf/4.1.2/../../../../nios2-elf/lib/mno-hw-mul\libc.a(lib_a-sbrkr.o)
                0x0200b51c                _sbrk_r
 .text          0x0200b58c      0x14c c:/software/altera/10.1/nios2eds/bin/gnu/h-i686-mingw32/bin/../lib/gcc/nios2-elf/4.1.2/../../../../nios2-elf/lib/mno-hw-mul\libc.a(lib_a-stdio.o)
                0x0200b58c                __sclose
                0x0200b594                __sseek
                0x0200b5fc                __swrite
                0x0200b678                __sread
 .text          0x0200b6d8       0x78 c:/software/altera/10.1/nios2eds/bin/gnu/h-i686-mingw32/bin/../lib/gcc/nios2-elf/4.1.2/../../../../nios2-elf/lib/mno-hw-mul\libc.a(lib_a-writer.o)
                0x0200b6d8                _write_r
 .text          0x0200b750       0xc8 c:/software/altera/10.1/nios2eds/bin/gnu/h-i686-mingw32/bin/../lib/gcc/nios2-elf/4.1.2/../../../../nios2-elf/lib/mno-hw-mul\libc.a(lib_a-callocr.o)
                0x0200b750                _calloc_r
 .text          0x0200b818       0x70 c:/software/altera/10.1/nios2eds/bin/gnu/h-i686-mingw32/bin/../lib/gcc/nios2-elf/4.1.2/../../../../nios2-elf/lib/mno-hw-mul\libc.a(lib_a-closer.o)
                0x0200b818                _close_r
 .text          0x0200b888      0x124 c:/software/altera/10.1/nios2eds/bin/gnu/h-i686-mingw32/bin/../lib/gcc/nios2-elf/4.1.2/../../../../nios2-elf/lib/mno-hw-mul\libc.a(lib_a-fclose.o)
                0x0200b888                _fclose_r
                0x0200b998                fclose
 .text          0x0200b9ac       0x74 c:/software/altera/10.1/nios2eds/bin/gnu/h-i686-mingw32/bin/../lib/gcc/nios2-elf/4.1.2/../../../../nios2-elf/lib/mno-hw-mul\libc.a(lib_a-fstatr.o)
                0x0200b9ac                _fstat_r
 .text          0x0200ba20        0x0 c:/software/altera/10.1/nios2eds/bin/gnu/h-i686-mingw32/bin/../lib/gcc/nios2-elf/4.1.2/../../../../nios2-elf/lib/mno-hw-mul\libc.a(lib_a-int_errno.o)
 .text          0x0200ba20       0x70 c:/software/altera/10.1/nios2eds/bin/gnu/h-i686-mingw32/bin/../lib/gcc/nios2-elf/4.1.2/../../../../nios2-elf/lib/mno-hw-mul\libc.a(lib_a-isattyr.o)
                0x0200ba20                _isatty_r
 .text          0x0200ba90       0x78 c:/software/altera/10.1/nios2eds/bin/gnu/h-i686-mingw32/bin/../lib/gcc/nios2-elf/4.1.2/../../../../nios2-elf/lib/mno-hw-mul\libc.a(lib_a-lseekr.o)
                0x0200ba90                _lseek_r
 .text          0x0200bb08       0x78 c:/software/altera/10.1/nios2eds/bin/gnu/h-i686-mingw32/bin/../lib/gcc/nios2-elf/4.1.2/../../../../nios2-elf/lib/mno-hw-mul\libc.a(lib_a-readr.o)
                0x0200bb08                _read_r
 .text          0x0200bb80      0x66c c:/software/altera/10.1/nios2eds/bin/gnu/h-i686-mingw32/bin/../lib/gcc/nios2-elf/4.1.2/mno-hw-mul\libgcc.a(_udivdi3.o)
                0x0200bb80                __udivdi3
 .text          0x0200c1ec      0x660 c:/software/altera/10.1/nios2eds/bin/gnu/h-i686-mingw32/bin/../lib/gcc/nios2-elf/4.1.2/mno-hw-mul\libgcc.a(_umoddi3.o)
                0x0200c1ec                __umoddi3
 .text          0x0200c84c      0x3c4 c:/software/altera/10.1/nios2eds/bin/gnu/h-i686-mingw32/bin/../lib/gcc/nios2-elf/4.1.2/mno-hw-mul\libgcc.a(_mul_df.o)
                0x0200c84c                __muldf3
 .text          0x0200cc10      0x258 c:/software/altera/10.1/nios2eds/bin/gnu/h-i686-mingw32/bin/../lib/gcc/nios2-elf/4.1.2/mno-hw-mul\libgcc.a(_div_df.o)
                0x0200cc10                __divdf3
 .text          0x0200ce68       0x88 c:/software/altera/10.1/nios2eds/bin/gnu/h-i686-mingw32/bin/../lib/gcc/nios2-elf/4.1.2/mno-hw-mul\libgcc.a(_eq_df.o)
                0x0200ce68                __eqdf2
 .text          0x0200cef0       0x88 c:/software/altera/10.1/nios2eds/bin/gnu/h-i686-mingw32/bin/../lib/gcc/nios2-elf/4.1.2/mno-hw-mul\libgcc.a(_ne_df.o)
                0x0200cef0                __nedf2
 .text          0x0200cf78       0x88 c:/software/altera/10.1/nios2eds/bin/gnu/h-i686-mingw32/bin/../lib/gcc/nios2-elf/4.1.2/mno-hw-mul\libgcc.a(_ge_df.o)
                0x0200cf78                __gedf2
 .text          0x0200d000       0x88 c:/software/altera/10.1/nios2eds/bin/gnu/h-i686-mingw32/bin/../lib/gcc/nios2-elf/4.1.2/mno-hw-mul\libgcc.a(_lt_df.o)
                0x0200d000                __ltdf2
 .text          0x0200d088      0x124 c:/software/altera/10.1/nios2eds/bin/gnu/h-i686-mingw32/bin/../lib/gcc/nios2-elf/4.1.2/mno-hw-mul\libgcc.a(_muldi3.o)
                0x0200d088                __muldi3
 .text          0x0200d1ac      0x160 ../lab2_bsp\libhal_bsp.a(alt_close.o)
                0x0200d1ac                close
 .text          0x0200d30c       0x2c ../lab2_bsp\libhal_bsp.a(alt_dev.o)
 .text          0x0200d338        0x0 ../lab2_bsp\libhal_bsp.a(alt_errno.o)
 .text          0x0200d338      0x138 ../lab2_bsp\libhal_bsp.a(alt_fstat.o)
                0x0200d338                fstat
 .text          0x0200d470      0x1c0 ../lab2_bsp\libhal_bsp.a(alt_irq_register.o)
                0x0200d470                alt_irq_register
 .text          0x0200d630        0x0 ../lab2_bsp\libhal_bsp.a(alt_irq_vars.o)
 .text          0x0200d630      0x124 ../lab2_bsp\libhal_bsp.a(alt_isatty.o)
                0x0200d630                isatty
 .text          0x0200d754       0xec ../lab2_bsp\libhal_bsp.a(alt_load.o)
                0x0200d754                alt_load
 .text          0x0200d840      0x154 ../lab2_bsp\libhal_bsp.a(alt_lseek.o)
                0x0200d840                lseek
 .text          0x0200d994       0x6c ../lab2_bsp\libhal_bsp.a(alt_main.o)
                0x0200d994                alt_main
 .text          0x0200da00       0x40 ../lab2_bsp\libhal_bsp.a(alt_malloc_lock.o)
                0x0200da00                __malloc_lock
                0x0200da20                __malloc_unlock
 .text          0x0200da40      0x184 ../lab2_bsp\libhal_bsp.a(alt_read.o)
                0x0200da40                read
 .text          0x0200dbc4       0x78 ../lab2_bsp\libhal_bsp.a(alt_release_fd.o)
                0x0200dbc4                alt_release_fd
 .text          0x0200dc3c       0xbc ../lab2_bsp\libhal_bsp.a(alt_sbrk.o)
                0x0200dc3c                sbrk
 .text          0x0200dcf8       0x30 ../lab2_bsp\libhal_bsp.a(alt_usleep.o)
                0x0200dcf8                usleep
 .text          0x0200dd28      0x184 ../lab2_bsp\libhal_bsp.a(alt_write.o)
                0x0200dd28                write
 .text          0x0200deac       0xdc ../lab2_bsp\libhal_bsp.a(alt_sys_init.o)
                0x0200deac                alt_irq_init
                0x0200dee0                alt_sys_init
 .text          0x0200df88      0x148 ../lab2_bsp\libhal_bsp.a(altera_avalon_jtag_uart_fd.o)
                0x0200df88                altera_avalon_jtag_uart_read_fd
                0x0200dfe0                altera_avalon_jtag_uart_write_fd
                0x0200e038                altera_avalon_jtag_uart_close_fd
                0x0200e080                altera_avalon_jtag_uart_ioctl_fd
 .text          0x0200e0d0      0x40c ../lab2_bsp\libhal_bsp.a(altera_avalon_jtag_uart_init.o)
                0x0200e0d0                altera_avalon_jtag_uart_init
                0x0200e468                altera_avalon_jtag_uart_close
 .text          0x0200e4dc       0xf4 ../lab2_bsp\libhal_bsp.a(altera_avalon_jtag_uart_ioctl.o)
                0x0200e4dc                altera_avalon_jtag_uart_ioctl
 .text          0x0200e5d0      0x224 ../lab2_bsp\libhal_bsp.a(altera_avalon_jtag_uart_read.o)
                0x0200e5d0                altera_avalon_jtag_uart_read
 .text          0x0200e7f4      0x240 ../lab2_bsp\libhal_bsp.a(altera_avalon_jtag_uart_write.o)
                0x0200e7f4                altera_avalon_jtag_uart_write
 .text          0x0200ea34      0xf80 ../lab2_bsp\libhal_bsp.a(altera_avalon_lcd_16207.o)
                0x0200f270                altera_avalon_lcd_16207_write
                0x0200f878                altera_avalon_lcd_16207_init
 .text          0x0200f9b4       0x58 ../lab2_bsp\libhal_bsp.a(altera_avalon_lcd_16207_fd.o)
                0x0200f9b4                altera_avalon_lcd_16207_write_fd
 .text          0x0200fa0c      0x100 ../lab2_bsp\libhal_bsp.a(altera_avalon_timer_sc.o)
                0x0200fa7c                alt_avalon_timer_sc_init
 .text          0x0200fb0c      0x154 ../lab2_bsp\libhal_bsp.a(alt_alarm_start.o)
                0x0200fb0c                alt_alarm_start
 .text          0x0200fc60      0x15c ../lab2_bsp\libhal_bsp.a(alt_busy_sleep.o)
                0x0200fc60                alt_busy_sleep
 .text          0x0200fdbc       0x1c ../lab2_bsp\libhal_bsp.a(alt_dcache_flush_all.o)
                0x0200fdbc                alt_dcache_flush_all
 .text          0x0200fdd8      0x114 ../lab2_bsp\libhal_bsp.a(alt_dev_llist_insert.o)
                0x0200fdd8                alt_dev_llist_insert
 .text          0x0200feec       0x64 ../lab2_bsp\libhal_bsp.a(alt_do_ctors.o)
                0x0200feec                _do_ctors
 .text          0x0200ff50       0x64 ../lab2_bsp\libhal_bsp.a(alt_do_dtors.o)
                0x0200ff50                _do_dtors
 .text          0x0200ffb4       0x30 ../lab2_bsp\libhal_bsp.a(alt_icache_flush_all.o)
                0x0200ffb4                alt_icache_flush_all
 .text          0x0200ffe4      0x1d4 ../lab2_bsp\libhal_bsp.a(alt_iic.o)
                0x0200ffe4                alt_ic_isr_register
                0x02010034                alt_ic_irq_enable
                0x020100d0                alt_ic_irq_disable
                0x02010170                alt_ic_irq_enabled
 .text          0x020101b8       0xf8 ../lab2_bsp\libhal_bsp.a(alt_iic_isr_register.o)
                0x020101b8                alt_iic_isr_register
 .text          0x020102b0      0x150 ../lab2_bsp\libhal_bsp.a(alt_io_redirect.o)
                0x02010388                alt_io_redirect
 .text          0x02010400        0x0 ../lab2_bsp\libhal_bsp.a(alt_irq_entry.o)
 .text          0x02010400        0x0 ../lab2_bsp\libhal_bsp.a(alt_irq_handler.o)
 .text          0x02010400      0x2e4 ../lab2_bsp\libhal_bsp.a(alt_open.o)
                0x020104f8                open
 .text          0x020106e4      0x1a4 ../lab2_bsp\libhal_bsp.a(alt_tick.o)
                0x020106e4                alt_alarm_stop
                0x0201077c                alt_tick
 .text          0x02010888       0x20 ../lab2_bsp\libhal_bsp.a(altera_nios2_irq.o)
                0x02010888                altera_nios2_irq_init
 .text          0x020108a8        0x0 ../lab2_bsp\libhal_bsp.a(alt_exception_entry.o)
 .text          0x020108a8       0x94 ../lab2_bsp\libhal_bsp.a(alt_find_dev.o)
                0x020108a8                alt_find_dev
 .text          0x0201093c      0x120 ../lab2_bsp\libhal_bsp.a(alt_find_file.o)
                0x0201093c                alt_find_file
 .text          0x02010a5c       0xd0 ../lab2_bsp\libhal_bsp.a(alt_get_fd.o)
                0x02010a5c                alt_get_fd
 .text          0x02010b2c       0x90 ../lab2_bsp\libhal_bsp.a(alt_icache_flush.o)
                0x02010b2c                alt_icache_flush
 .text          0x02010bbc       0x14 c:/software/altera/10.1/nios2eds/bin/gnu/h-i686-mingw32/bin/../lib/gcc/nios2-elf/4.1.2/../../../../nios2-elf/lib/mno-hw-mul\libc.a(lib_a-atexit.o)
                0x02010bbc                atexit
 .text          0x02010bd0        0x0 c:/software/altera/10.1/nios2eds/bin/gnu/h-i686-mingw32/bin/../lib/gcc/nios2-elf/4.1.2/../../../../nios2-elf/lib/mno-hw-mul\libc.a(lib_a-ctype_.o)
 .text          0x02010bd0       0x38 c:/software/altera/10.1/nios2eds/bin/gnu/h-i686-mingw32/bin/../lib/gcc/nios2-elf/4.1.2/../../../../nios2-elf/lib/mno-hw-mul\libc.a(lib_a-exit.o)
                0x02010bd0                exit
 .text          0x02010c08       0x74 c:/software/altera/10.1/nios2eds/bin/gnu/h-i686-mingw32/bin/../lib/gcc/nios2-elf/4.1.2/../../../../nios2-elf/lib/mno-hw-mul\libc.a(lib_a-memcmp.o)
                0x02010c08                memcmp
 .text          0x02010c7c      0x134 c:/software/altera/10.1/nios2eds/bin/gnu/h-i686-mingw32/bin/../lib/gcc/nios2-elf/4.1.2/../../../../nios2-elf/lib/mno-hw-mul\libc.a(lib_a-__atexit.o)
                0x02010c7c                __register_exitproc
 .text          0x02010db0      0x1b4 c:/software/altera/10.1/nios2eds/bin/gnu/h-i686-mingw32/bin/../lib/gcc/nios2-elf/4.1.2/../../../../nios2-elf/lib/mno-hw-mul\libc.a(lib_a-__call_atexit.o)
                0x02010db4                __call_exitprocs
 .text          0x02010f64       0x60 ../lab2_bsp\libhal_bsp.a(alt_exit.o)
                0x02010fa4                _exit
 *(.gnu.warning.*)
 *(.fini)
                0x02010fc4                PROVIDE (__etext, ABSOLUTE (.))
                0x02010fc4                PROVIDE (_etext, ABSOLUTE (.))
                0x02010fc4                PROVIDE (etext, ABSOLUTE (.))
 *(.eh_frame_hdr)
                0x02010fc4                . = ALIGN (0x4)
                0x02010fc4                PROVIDE (__preinit_array_start, ABSOLUTE (.))
 *(.preinit_array)
                0x02010fc4                PROVIDE (__preinit_array_end, ABSOLUTE (.))
                0x02010fc4                PROVIDE (__init_array_start, ABSOLUTE (.))
 *(.init_array)
                0x02010fc4                PROVIDE (__init_array_end, ABSOLUTE (.))
                0x02010fc4                PROVIDE (__fini_array_start, ABSOLUTE (.))
 *(.fini_array)
                0x02010fc4                PROVIDE (__fini_array_end, ABSOLUTE (.))
 *(.eh_frame)
 .eh_frame      0x02010fc4       0x40 c:/software/altera/10.1/nios2eds/bin/gnu/h-i686-mingw32/bin/../lib/gcc/nios2-elf/4.1.2/mno-hw-mul\libgcc.a(_udivdi3.o)
 .eh_frame      0x02011004       0x2c c:/software/altera/10.1/nios2eds/bin/gnu/h-i686-mingw32/bin/../lib/gcc/nios2-elf/4.1.2/mno-hw-mul\libgcc.a(_umoddi3.o)
                                 0x40 (size before relaxing)
 *(.gcc_except_table)
 *(.dynamic)
                0x02011030                PROVIDE (__CTOR_LIST__, ABSOLUTE (.))
 *(.ctors)
 *(SORT(.ctors.*))
 .ctors.65535   0x02011030        0x4 c:/software/altera/10.1/nios2eds/bin/gnu/h-i686-mingw32/bin/../lib/gcc/nios2-elf/4.1.2/../../../../nios2-elf/lib/mno-hw-mul\libc.a(lib_a-__call_atexit.o)
                0x02011034                PROVIDE (__CTOR_END__, ABSOLUTE (.))
                0x02011034                PROVIDE (__DTOR_LIST__, ABSOLUTE (.))
 *(.dtors)
 *(SORT(.dtors.*))
                0x02011034                PROVIDE (__DTOR_END__, ABSOLUTE (.))
 *(.jcr)
                0x02011034                . = ALIGN (0x4)

.rodata         0x02011034      0x8f4
                0x02011034                PROVIDE (__ram_rodata_start, ABSOLUTE (.))
                0x02011034                . = ALIGN (0x4)
 *(.rodata .rodata.* .gnu.linkonce.r.*)
 .rodata        0x02011034       0x38 obj/LCD.o
 .rodata.str1.4
                0x0201106c      0x298 obj/main.o
 .rodata.str1.4
                0x02011304       0x54 obj/wm8731.o
 .rodata        0x02011358       0x14 c:/software/altera/10.1/nios2eds/bin/gnu/h-i686-mingw32/bin/../lib/gcc/nios2-elf/4.1.2/mno-hw-mul\libgcc.a(_thenan_df.o)
                0x02011358                __thenan_df
 .rodata        0x0201136c      0x100 c:/software/altera/10.1/nios2eds/bin/gnu/h-i686-mingw32/bin/../lib/gcc/nios2-elf/4.1.2/mno-hw-mul\libgcc.a(_clz.o)
                0x0201136c                __clz_tab
 .rodata.str1.4
                0x00000000       0x54 c:/software/altera/10.1/nios2eds/bin/gnu/h-i686-mingw32/bin/../lib/gcc/nios2-elf/4.1.2/../../../../nios2-elf/lib/mno-hw-mul\libc.a(lib_a-puts.o)
                                  0x4 (size before relaxing)
 .rodata.str1.4
                0x0201146c       0x5a c:/software/altera/10.1/nios2eds/bin/gnu/h-i686-mingw32/bin/../lib/gcc/nios2-elf/4.1.2/../../../../nios2-elf/lib/mno-hw-mul\libc.a(lib_a-vfprintf.o)
                                 0x60 (size before relaxing)
 .rodata        0x020114c6       0x20 c:/software/altera/10.1/nios2eds/bin/gnu/h-i686-mingw32/bin/../lib/gcc/nios2-elf/4.1.2/../../../../nios2-elf/lib/mno-hw-mul\libc.a(lib_a-vfprintf.o)
 *fill*         0x020114e6        0x2 00
 .rodata.str1.4
                0x020114e8       0x10 c:/software/altera/10.1/nios2eds/bin/gnu/h-i686-mingw32/bin/../lib/gcc/nios2-elf/4.1.2/../../../../nios2-elf/lib/mno-hw-mul\libc.a(lib_a-dtoa.o)
                                 0x14 (size before relaxing)
 .rodata.str1.4
                0x020114f8        0x2 c:/software/altera/10.1/nios2eds/bin/gnu/h-i686-mingw32/bin/../lib/gcc/nios2-elf/4.1.2/../../../../nios2-elf/lib/mno-hw-mul\libc.a(lib_a-impure.o)
                                  0x4 (size before relaxing)
 *fill*         0x020114fa        0x2 00
 .rodata.str1.4
                0x020114fc        0xc c:/software/altera/10.1/nios2eds/bin/gnu/h-i686-mingw32/bin/../lib/gcc/nios2-elf/4.1.2/../../../../nios2-elf/lib/mno-hw-mul\libc.a(lib_a-locale.o)
                                 0x18 (size before relaxing)
 .rodata        0x02011508       0x30 c:/software/altera/10.1/nios2eds/bin/gnu/h-i686-mingw32/bin/../lib/gcc/nios2-elf/4.1.2/../../../../nios2-elf/lib/mno-hw-mul\libc.a(lib_a-locale.o)
 .rodata        0x02011538      0x124 c:/software/altera/10.1/nios2eds/bin/gnu/h-i686-mingw32/bin/../lib/gcc/nios2-elf/4.1.2/../../../../nios2-elf/lib/mno-hw-mul\libc.a(lib_a-mprec.o)
                0x02011538                __mprec_tens
                0x02011600                __mprec_bigtens
                0x02011628                __mprec_tinytens
 .rodata        0x0201165c        0xc ../lab2_bsp\libhal_bsp.a(alt_dev.o)
 .rodata        0x02011668       0x14 ../lab2_bsp\libhal_bsp.a(alt_main.o)
 .rodata        0x0201167c       0x28 ../lab2_bsp\libhal_bsp.a(alt_sys_init.o)
 .rodata        0x020116a4      0x281 c:/software/altera/10.1/nios2eds/bin/gnu/h-i686-mingw32/bin/../lib/gcc/nios2-elf/4.1.2/../../../../nios2-elf/lib/mno-hw-mul\libc.a(lib_a-ctype_.o)
                0x020116a4                _ctype_
 *(.rodata1)
                0x02011928                . = ALIGN (0x4)
 *fill*         0x02011925        0x3 00
                0x02011928                PROVIDE (__ram_rodata_end, ABSOLUTE (.))
                0x02011034                PROVIDE (__flash_rodata_start, LOADADDR (.rodata))

.rwdata         0x02011928     0x1cbc load address 0x020135e4
                0x02011928                PROVIDE (__ram_rwdata_start, ABSOLUTE (.))
                0x02011928                . = ALIGN (0x4)
 *(.got.plt)
 *(.got)
 *(.data1)
 *(.data .data.* .gnu.linkonce.d.*)
 .data          0x02011928        0x0 ../lab2_bsp/obj/HAL/src/crt0.o
 .data          0x02011928        0x0 obj/LCD.o
 .data          0x02011928        0x0 obj/Open_I2C.o
 .data          0x02011928        0x0 obj/main.o
 .data          0x02011928        0x0 obj/wm8731.o
 .data          0x02011928        0x0 c:/software/altera/10.1/nios2eds/bin/gnu/h-i686-mingw32/bin/../lib/gcc/nios2-elf/4.1.2/../../../../nios2-elf/lib/mno-hw-mul\libm.a(lib_a-s_ceil.o)
 .data          0x02011928        0x0 c:/software/altera/10.1/nios2eds/bin/gnu/h-i686-mingw32/bin/../lib/gcc/nios2-elf/4.1.2/../../../../nios2-elf/lib/mno-hw-mul\libm.a(lib_a-s_floor.o)
 .data          0x02011928        0x0 c:/software/altera/10.1/nios2eds/bin/gnu/h-i686-mingw32/bin/../lib/gcc/nios2-elf/4.1.2/mno-hw-mul\libgcc.a(_addsub_df.o)
 .data          0x02011928        0x0 c:/software/altera/10.1/nios2eds/bin/gnu/h-i686-mingw32/bin/../lib/gcc/nios2-elf/4.1.2/mno-hw-mul\libgcc.a(_gt_df.o)
 .data          0x02011928        0x0 c:/software/altera/10.1/nios2eds/bin/gnu/h-i686-mingw32/bin/../lib/gcc/nios2-elf/4.1.2/mno-hw-mul\libgcc.a(_si_to_df.o)
 .data          0x02011928        0x0 c:/software/altera/10.1/nios2eds/bin/gnu/h-i686-mingw32/bin/../lib/gcc/nios2-elf/4.1.2/mno-hw-mul\libgcc.a(_df_to_si.o)
 .data          0x02011928        0x0 c:/software/altera/10.1/nios2eds/bin/gnu/h-i686-mingw32/bin/../lib/gcc/nios2-elf/4.1.2/mno-hw-mul\libgcc.a(_thenan_df.o)
 .data          0x02011928        0x0 c:/software/altera/10.1/nios2eds/bin/gnu/h-i686-mingw32/bin/../lib/gcc/nios2-elf/4.1.2/mno-hw-mul\libgcc.a(_usi_to_df.o)
 .data          0x02011928        0x0 c:/software/altera/10.1/nios2eds/bin/gnu/h-i686-mingw32/bin/../lib/gcc/nios2-elf/4.1.2/mno-hw-mul\libgcc.a(lib2-divmod.o)
 .data          0x02011928      0x100 c:/software/altera/10.1/nios2eds/bin/gnu/h-i686-mingw32/bin/../lib/gcc/nios2-elf/4.1.2/mno-hw-mul\libgcc.a(lib2-divtable.o)
                0x02011928                __divsi3_table
 .data          0x02011a28        0x0 c:/software/altera/10.1/nios2eds/bin/gnu/h-i686-mingw32/bin/../lib/gcc/nios2-elf/4.1.2/mno-hw-mul\libgcc.a(lib2-mul.o)
 .data          0x02011a28        0x0 c:/software/altera/10.1/nios2eds/bin/gnu/h-i686-mingw32/bin/../lib/gcc/nios2-elf/4.1.2/mno-hw-mul\libgcc.a(_clzsi2.o)
 .data          0x02011a28        0x0 c:/software/altera/10.1/nios2eds/bin/gnu/h-i686-mingw32/bin/../lib/gcc/nios2-elf/4.1.2/mno-hw-mul\libgcc.a(_pack_df.o)
 .data          0x02011a28        0x0 c:/software/altera/10.1/nios2eds/bin/gnu/h-i686-mingw32/bin/../lib/gcc/nios2-elf/4.1.2/mno-hw-mul\libgcc.a(_unpack_df.o)
 .data          0x02011a28        0x0 c:/software/altera/10.1/nios2eds/bin/gnu/h-i686-mingw32/bin/../lib/gcc/nios2-elf/4.1.2/mno-hw-mul\libgcc.a(_fpcmp_parts_df.o)
 .data          0x02011a28        0x0 c:/software/altera/10.1/nios2eds/bin/gnu/h-i686-mingw32/bin/../lib/gcc/nios2-elf/4.1.2/mno-hw-mul\libgcc.a(_clz.o)
 .data          0x02011a28        0x0 c:/software/altera/10.1/nios2eds/bin/gnu/h-i686-mingw32/bin/../lib/gcc/nios2-elf/4.1.2/../../../../nios2-elf/lib/mno-hw-mul\libc.a(lib_a-memset.o)
 .data          0x02011a28        0x0 c:/software/altera/10.1/nios2eds/bin/gnu/h-i686-mingw32/bin/../lib/gcc/nios2-elf/4.1.2/../../../../nios2-elf/lib/mno-hw-mul\libc.a(lib_a-printf.o)
 .data          0x02011a28        0x0 c:/software/altera/10.1/nios2eds/bin/gnu/h-i686-mingw32/bin/../lib/gcc/nios2-elf/4.1.2/../../../../nios2-elf/lib/mno-hw-mul\libc.a(lib_a-puts.o)
 .data          0x02011a28        0x0 c:/software/altera/10.1/nios2eds/bin/gnu/h-i686-mingw32/bin/../lib/gcc/nios2-elf/4.1.2/../../../../nios2-elf/lib/mno-hw-mul\libc.a(lib_a-strcmp.o)
 .data          0x02011a28        0x0 c:/software/altera/10.1/nios2eds/bin/gnu/h-i686-mingw32/bin/../lib/gcc/nios2-elf/4.1.2/../../../../nios2-elf/lib/mno-hw-mul\libc.a(lib_a-strcpy.o)
 .data          0x02011a28        0x0 c:/software/altera/10.1/nios2eds/bin/gnu/h-i686-mingw32/bin/../lib/gcc/nios2-elf/4.1.2/../../../../nios2-elf/lib/mno-hw-mul\libc.a(lib_a-strlen.o)
 .data          0x02011a28        0x0 c:/software/altera/10.1/nios2eds/bin/gnu/h-i686-mingw32/bin/../lib/gcc/nios2-elf/4.1.2/../../../../nios2-elf/lib/mno-hw-mul\libc.a(lib_a-vfprintf.o)
 .data          0x02011a28        0x0 c:/software/altera/10.1/nios2eds/bin/gnu/h-i686-mingw32/bin/../lib/gcc/nios2-elf/4.1.2/../../../../nios2-elf/lib/mno-hw-mul\libc.a(lib_a-wsetup.o)
 .data          0x02011a28        0x0 c:/software/altera/10.1/nios2eds/bin/gnu/h-i686-mingw32/bin/../lib/gcc/nios2-elf/4.1.2/../../../../nios2-elf/lib/mno-hw-mul\libc.a(lib_a-dtoa.o)
 .data          0x02011a28        0x0 c:/software/altera/10.1/nios2eds/bin/gnu/h-i686-mingw32/bin/../lib/gcc/nios2-elf/4.1.2/../../../../nios2-elf/lib/mno-hw-mul\libc.a(lib_a-fflush.o)
 .data          0x02011a28        0x0 c:/software/altera/10.1/nios2eds/bin/gnu/h-i686-mingw32/bin/../lib/gcc/nios2-elf/4.1.2/../../../../nios2-elf/lib/mno-hw-mul\libc.a(lib_a-findfp.o)
 .data          0x02011a28        0x0 c:/software/altera/10.1/nios2eds/bin/gnu/h-i686-mingw32/bin/../lib/gcc/nios2-elf/4.1.2/../../../../nios2-elf/lib/mno-hw-mul\libc.a(lib_a-freer.o)
 .data          0x02011a28        0x0 c:/software/altera/10.1/nios2eds/bin/gnu/h-i686-mingw32/bin/../lib/gcc/nios2-elf/4.1.2/../../../../nios2-elf/lib/mno-hw-mul\libc.a(lib_a-fvwrite.o)
 .data          0x02011a28        0x0 c:/software/altera/10.1/nios2eds/bin/gnu/h-i686-mingw32/bin/../lib/gcc/nios2-elf/4.1.2/../../../../nios2-elf/lib/mno-hw-mul\libc.a(lib_a-fwalk.o)
 .data          0x02011a28      0x400 c:/software/altera/10.1/nios2eds/bin/gnu/h-i686-mingw32/bin/../lib/gcc/nios2-elf/4.1.2/../../../../nios2-elf/lib/mno-hw-mul\libc.a(lib_a-impure.o)
 .data          0x02011e28        0xc c:/software/altera/10.1/nios2eds/bin/gnu/h-i686-mingw32/bin/../lib/gcc/nios2-elf/4.1.2/../../../../nios2-elf/lib/mno-hw-mul\libc.a(lib_a-locale.o)
                0x02011e28                __lc_ctype
 .data          0x02011e34        0x0 c:/software/altera/10.1/nios2eds/bin/gnu/h-i686-mingw32/bin/../lib/gcc/nios2-elf/4.1.2/../../../../nios2-elf/lib/mno-hw-mul\libc.a(lib_a-makebuf.o)
 .data          0x02011e34      0x408 c:/software/altera/10.1/nios2eds/bin/gnu/h-i686-mingw32/bin/../lib/gcc/nios2-elf/4.1.2/../../../../nios2-elf/lib/mno-hw-mul\libc.a(lib_a-mallocr.o)
                0x02011e34                __malloc_av_
 .data          0x0201223c        0x0 c:/software/altera/10.1/nios2eds/bin/gnu/h-i686-mingw32/bin/../lib/gcc/nios2-elf/4.1.2/../../../../nios2-elf/lib/mno-hw-mul\libc.a(lib_a-memchr.o)
 .data          0x0201223c        0x0 c:/software/altera/10.1/nios2eds/bin/gnu/h-i686-mingw32/bin/../lib/gcc/nios2-elf/4.1.2/../../../../nios2-elf/lib/mno-hw-mul\libc.a(lib_a-memcpy.o)
 .data          0x0201223c        0x0 c:/software/altera/10.1/nios2eds/bin/gnu/h-i686-mingw32/bin/../lib/gcc/nios2-elf/4.1.2/../../../../nios2-elf/lib/mno-hw-mul\libc.a(lib_a-memmove.o)
 .data          0x0201223c        0x0 c:/software/altera/10.1/nios2eds/bin/gnu/h-i686-mingw32/bin/../lib/gcc/nios2-elf/4.1.2/../../../../nios2-elf/lib/mno-hw-mul\libc.a(lib_a-mprec.o)
 .data          0x0201223c        0x0 c:/software/altera/10.1/nios2eds/bin/gnu/h-i686-mingw32/bin/../lib/gcc/nios2-elf/4.1.2/../../../../nios2-elf/lib/mno-hw-mul\libc.a(lib_a-reallocr.o)
 .data          0x0201223c        0x0 c:/software/altera/10.1/nios2eds/bin/gnu/h-i686-mingw32/bin/../lib/gcc/nios2-elf/4.1.2/../../../../nios2-elf/lib/mno-hw-mul\libc.a(lib_a-s_isinfd.o)
 .data          0x0201223c        0x0 c:/software/altera/10.1/nios2eds/bin/gnu/h-i686-mingw32/bin/../lib/gcc/nios2-elf/4.1.2/../../../../nios2-elf/lib/mno-hw-mul\libc.a(lib_a-s_isnand.o)
 .data          0x0201223c        0x0 c:/software/altera/10.1/nios2eds/bin/gnu/h-i686-mingw32/bin/../lib/gcc/nios2-elf/4.1.2/../../../../nios2-elf/lib/mno-hw-mul\libc.a(lib_a-sbrkr.o)
 .data          0x0201223c        0x0 c:/software/altera/10.1/nios2eds/bin/gnu/h-i686-mingw32/bin/../lib/gcc/nios2-elf/4.1.2/../../../../nios2-elf/lib/mno-hw-mul\libc.a(lib_a-stdio.o)
 .data          0x0201223c        0x0 c:/software/altera/10.1/nios2eds/bin/gnu/h-i686-mingw32/bin/../lib/gcc/nios2-elf/4.1.2/../../../../nios2-elf/lib/mno-hw-mul\libc.a(lib_a-writer.o)
 .data          0x0201223c        0x0 c:/software/altera/10.1/nios2eds/bin/gnu/h-i686-mingw32/bin/../lib/gcc/nios2-elf/4.1.2/../../../../nios2-elf/lib/mno-hw-mul\libc.a(lib_a-callocr.o)
 .data          0x0201223c        0x0 c:/software/altera/10.1/nios2eds/bin/gnu/h-i686-mingw32/bin/../lib/gcc/nios2-elf/4.1.2/../../../../nios2-elf/lib/mno-hw-mul\libc.a(lib_a-closer.o)
 .data          0x0201223c        0x0 c:/software/altera/10.1/nios2eds/bin/gnu/h-i686-mingw32/bin/../lib/gcc/nios2-elf/4.1.2/../../../../nios2-elf/lib/mno-hw-mul\libc.a(lib_a-fclose.o)
 .data          0x0201223c        0x0 c:/software/altera/10.1/nios2eds/bin/gnu/h-i686-mingw32/bin/../lib/gcc/nios2-elf/4.1.2/../../../../nios2-elf/lib/mno-hw-mul\libc.a(lib_a-fstatr.o)
 .data          0x0201223c        0x0 c:/software/altera/10.1/nios2eds/bin/gnu/h-i686-mingw32/bin/../lib/gcc/nios2-elf/4.1.2/../../../../nios2-elf/lib/mno-hw-mul\libc.a(lib_a-int_errno.o)
 .data          0x0201223c        0x0 c:/software/altera/10.1/nios2eds/bin/gnu/h-i686-mingw32/bin/../lib/gcc/nios2-elf/4.1.2/../../../../nios2-elf/lib/mno-hw-mul\libc.a(lib_a-isattyr.o)
 .data          0x0201223c        0x0 c:/software/altera/10.1/nios2eds/bin/gnu/h-i686-mingw32/bin/../lib/gcc/nios2-elf/4.1.2/../../../../nios2-elf/lib/mno-hw-mul\libc.a(lib_a-lseekr.o)
 .data          0x0201223c        0x0 c:/software/altera/10.1/nios2eds/bin/gnu/h-i686-mingw32/bin/../lib/gcc/nios2-elf/4.1.2/../../../../nios2-elf/lib/mno-hw-mul\libc.a(lib_a-readr.o)
 .data          0x0201223c        0x0 c:/software/altera/10.1/nios2eds/bin/gnu/h-i686-mingw32/bin/../lib/gcc/nios2-elf/4.1.2/mno-hw-mul\libgcc.a(_udivdi3.o)
 .data          0x0201223c        0x0 c:/software/altera/10.1/nios2eds/bin/gnu/h-i686-mingw32/bin/../lib/gcc/nios2-elf/4.1.2/mno-hw-mul\libgcc.a(_umoddi3.o)
 .data          0x0201223c        0x0 c:/software/altera/10.1/nios2eds/bin/gnu/h-i686-mingw32/bin/../lib/gcc/nios2-elf/4.1.2/mno-hw-mul\libgcc.a(_mul_df.o)
 .data          0x0201223c        0x0 c:/software/altera/10.1/nios2eds/bin/gnu/h-i686-mingw32/bin/../lib/gcc/nios2-elf/4.1.2/mno-hw-mul\libgcc.a(_div_df.o)
 .data          0x0201223c        0x0 c:/software/altera/10.1/nios2eds/bin/gnu/h-i686-mingw32/bin/../lib/gcc/nios2-elf/4.1.2/mno-hw-mul\libgcc.a(_eq_df.o)
 .data          0x0201223c        0x0 c:/software/altera/10.1/nios2eds/bin/gnu/h-i686-mingw32/bin/../lib/gcc/nios2-elf/4.1.2/mno-hw-mul\libgcc.a(_ne_df.o)
 .data          0x0201223c        0x0 c:/software/altera/10.1/nios2eds/bin/gnu/h-i686-mingw32/bin/../lib/gcc/nios2-elf/4.1.2/mno-hw-mul\libgcc.a(_ge_df.o)
 .data          0x0201223c        0x0 c:/software/altera/10.1/nios2eds/bin/gnu/h-i686-mingw32/bin/../lib/gcc/nios2-elf/4.1.2/mno-hw-mul\libgcc.a(_lt_df.o)
 .data          0x0201223c        0x0 c:/software/altera/10.1/nios2eds/bin/gnu/h-i686-mingw32/bin/../lib/gcc/nios2-elf/4.1.2/mno-hw-mul\libgcc.a(_muldi3.o)
 .data          0x0201223c        0x0 ../lab2_bsp\libhal_bsp.a(alt_close.o)
 .data          0x0201223c      0x1a8 ../lab2_bsp\libhal_bsp.a(alt_dev.o)
                0x0201223c                alt_dev_null
                0x02012264                alt_fd_list
 .data          0x020123e4        0x0 ../lab2_bsp\libhal_bsp.a(alt_errno.o)
 .data          0x020123e4        0x0 ../lab2_bsp\libhal_bsp.a(alt_fstat.o)
 .data          0x020123e4        0x0 ../lab2_bsp\libhal_bsp.a(alt_irq_register.o)
 .data          0x020123e4        0x0 ../lab2_bsp\libhal_bsp.a(alt_irq_vars.o)
 .data          0x020123e4        0x0 ../lab2_bsp\libhal_bsp.a(alt_isatty.o)
 .data          0x020123e4        0x0 ../lab2_bsp\libhal_bsp.a(alt_load.o)
 .data          0x020123e4        0x0 ../lab2_bsp\libhal_bsp.a(alt_lseek.o)
 .data          0x020123e4        0x0 ../lab2_bsp\libhal_bsp.a(alt_main.o)
 .data          0x020123e4        0x0 ../lab2_bsp\libhal_bsp.a(alt_malloc_lock.o)
 .data          0x020123e4        0x0 ../lab2_bsp\libhal_bsp.a(alt_read.o)
 .data          0x020123e4        0x0 ../lab2_bsp\libhal_bsp.a(alt_release_fd.o)
 .data          0x020123e4        0x0 ../lab2_bsp\libhal_bsp.a(alt_sbrk.o)
 .data          0x020123e4        0x0 ../lab2_bsp\libhal_bsp.a(alt_usleep.o)
 .data          0x020123e4        0x0 ../lab2_bsp\libhal_bsp.a(alt_write.o)
 .data          0x020123e4     0x1180 ../lab2_bsp\libhal_bsp.a(alt_sys_init.o)
 .data          0x02013564        0x0 ../lab2_bsp\libhal_bsp.a(altera_avalon_jtag_uart_fd.o)
 .data          0x02013564        0x0 ../lab2_bsp\libhal_bsp.a(altera_avalon_jtag_uart_init.o)
 .data          0x02013564        0x0 ../lab2_bsp\libhal_bsp.a(altera_avalon_jtag_uart_ioctl.o)
 .data          0x02013564        0x0 ../lab2_bsp\libhal_bsp.a(altera_avalon_jtag_uart_read.o)
 .data          0x02013564        0x0 ../lab2_bsp\libhal_bsp.a(altera_avalon_jtag_uart_write.o)
 .data          0x02013564        0x0 ../lab2_bsp\libhal_bsp.a(altera_avalon_lcd_16207.o)
 .data          0x02013564        0x0 ../lab2_bsp\libhal_bsp.a(altera_avalon_lcd_16207_fd.o)
 .data          0x02013564        0x0 ../lab2_bsp\libhal_bsp.a(altera_avalon_timer_sc.o)
 .data          0x02013564        0x0 ../lab2_bsp\libhal_bsp.a(alt_alarm_start.o)
 .data          0x02013564        0x0 ../lab2_bsp\libhal_bsp.a(alt_busy_sleep.o)
 .data          0x02013564        0x0 ../lab2_bsp\libhal_bsp.a(alt_dcache_flush_all.o)
 .data          0x02013564        0x0 ../lab2_bsp\libhal_bsp.a(alt_dev_llist_insert.o)
 .data          0x02013564        0x0 ../lab2_bsp\libhal_bsp.a(alt_do_ctors.o)
 .data          0x02013564        0x0 ../lab2_bsp\libhal_bsp.a(alt_do_dtors.o)
 .data          0x02013564        0x0 ../lab2_bsp\libhal_bsp.a(alt_icache_flush_all.o)
 .data          0x02013564        0x0 ../lab2_bsp\libhal_bsp.a(alt_iic.o)
 .data          0x02013564        0x0 ../lab2_bsp\libhal_bsp.a(alt_iic_isr_register.o)
 .data          0x02013564        0x0 ../lab2_bsp\libhal_bsp.a(alt_io_redirect.o)
 .data          0x02013564        0x0 ../lab2_bsp\libhal_bsp.a(alt_irq_entry.o)
 .data          0x02013564        0x0 ../lab2_bsp\libhal_bsp.a(alt_irq_handler.o)
 .data          0x02013564        0x0 ../lab2_bsp\libhal_bsp.a(alt_open.o)
 .data          0x02013564        0x0 ../lab2_bsp\libhal_bsp.a(alt_tick.o)
 .data          0x02013564        0x0 ../lab2_bsp\libhal_bsp.a(altera_nios2_irq.o)
 .data          0x02013564        0x0 ../lab2_bsp\libhal_bsp.a(alt_exception_entry.o)
 .data          0x02013564        0x0 ../lab2_bsp\libhal_bsp.a(alt_find_dev.o)
 .data          0x02013564        0x0 ../lab2_bsp\libhal_bsp.a(alt_find_file.o)
 .data          0x02013564        0x0 ../lab2_bsp\libhal_bsp.a(alt_get_fd.o)
 .data          0x02013564        0x0 ../lab2_bsp\libhal_bsp.a(alt_icache_flush.o)
 .data          0x02013564        0x0 c:/software/altera/10.1/nios2eds/bin/gnu/h-i686-mingw32/bin/../lib/gcc/nios2-elf/4.1.2/../../../../nios2-elf/lib/mno-hw-mul\libc.a(lib_a-atexit.o)
 .data          0x02013564        0x0 c:/software/altera/10.1/nios2eds/bin/gnu/h-i686-mingw32/bin/../lib/gcc/nios2-elf/4.1.2/../../../../nios2-elf/lib/mno-hw-mul\libc.a(lib_a-ctype_.o)
 .data          0x02013564        0x0 c:/software/altera/10.1/nios2eds/bin/gnu/h-i686-mingw32/bin/../lib/gcc/nios2-elf/4.1.2/../../../../nios2-elf/lib/mno-hw-mul\libc.a(lib_a-exit.o)
 .data          0x02013564        0x0 c:/software/altera/10.1/nios2eds/bin/gnu/h-i686-mingw32/bin/../lib/gcc/nios2-elf/4.1.2/../../../../nios2-elf/lib/mno-hw-mul\libc.a(lib_a-memcmp.o)
 .data          0x02013564        0x0 c:/software/altera/10.1/nios2eds/bin/gnu/h-i686-mingw32/bin/../lib/gcc/nios2-elf/4.1.2/../../../../nios2-elf/lib/mno-hw-mul\libc.a(lib_a-__atexit.o)
 .data          0x02013564        0x0 c:/software/altera/10.1/nios2eds/bin/gnu/h-i686-mingw32/bin/../lib/gcc/nios2-elf/4.1.2/../../../../nios2-elf/lib/mno-hw-mul\libc.a(lib_a-__call_atexit.o)
 .data          0x02013564        0x0 ../lab2_bsp\libhal_bsp.a(alt_exit.o)
                0x0201b564                _gp = ABSOLUTE ((. + 0x8000))
                0x0201b564                PROVIDE (gp, _gp)
 *(.sdata .sdata.* .gnu.linkonce.s.*)
 .sdata         0x02013564       0x37 obj/main.o
                0x02013564                cmd0
                0x02013569                cmd55
                0x0201356e                cmd2
                0x02013573                cmd3
                0x02013578                cmd7
                0x0201357d                cmd9
                0x02013582                cmd16
                0x02013587                cmd17
                0x0201358c                acmd6
                0x02013591                acmd41
                0x02013596                acmd51
 *fill*         0x0201359b        0x1 00
 .sdata         0x0201359c        0x8 c:/software/altera/10.1/nios2eds/bin/gnu/h-i686-mingw32/bin/../lib/gcc/nios2-elf/4.1.2/../../../../nios2-elf/lib/mno-hw-mul\libc.a(lib_a-impure.o)
                0x0201359c                _impure_ptr
                0x020135a0                _global_impure_ptr
 .sdata         0x020135a4        0x8 c:/software/altera/10.1/nios2eds/bin/gnu/h-i686-mingw32/bin/../lib/gcc/nios2-elf/4.1.2/../../../../nios2-elf/lib/mno-hw-mul\libc.a(lib_a-locale.o)
                0x020135a4                __mb_cur_max
 .sdata         0x020135ac        0x8 c:/software/altera/10.1/nios2eds/bin/gnu/h-i686-mingw32/bin/../lib/gcc/nios2-elf/4.1.2/../../../../nios2-elf/lib/mno-hw-mul\libc.a(lib_a-mallocr.o)
                0x020135ac                __malloc_trim_threshold
                0x020135b0                __malloc_sbrk_base
 .sdata         0x020135b4       0x14 ../lab2_bsp\libhal_bsp.a(alt_dev.o)
                0x020135b4                alt_fs_list
                0x020135bc                alt_dev_list
                0x020135c4                alt_max_fd
 .sdata         0x020135c8        0x4 ../lab2_bsp\libhal_bsp.a(alt_errno.o)
                0x020135c8                alt_errno
 .sdata         0x020135cc        0x4 ../lab2_bsp\libhal_bsp.a(alt_irq_vars.o)
                0x020135cc                alt_priority_mask
 .sdata         0x020135d0        0x4 ../lab2_bsp\libhal_bsp.a(alt_sbrk.o)
 .sdata         0x020135d4        0x4 ../lab2_bsp\libhal_bsp.a(altera_avalon_lcd_16207.o)
 .sdata         0x020135d8        0x8 ../lab2_bsp\libhal_bsp.a(alt_tick.o)
                0x020135d8                alt_alarm_list
 .sdata         0x020135e0        0x4 c:/software/altera/10.1/nios2eds/bin/gnu/h-i686-mingw32/bin/../lib/gcc/nios2-elf/4.1.2/../../../../nios2-elf/lib/mno-hw-mul\libc.a(lib_a-ctype_.o)
                0x020135e0                __ctype_ptr
 *(.sdata2 .sdata2.* .gnu.linkonce.s2.*)
                0x020135e4                . = ALIGN (0x4)
                0x020135e4                _edata = ABSOLUTE (.)
                0x020135e4                PROVIDE (edata, ABSOLUTE (.))
                0x020135e4                PROVIDE (__ram_rwdata_end, ABSOLUTE (.))
                0x020135e4                PROVIDE (__flash_rwdata_start, LOADADDR (.rwdata))

.bss            0x020152a0    0x1acd8
                0x020152a0                __bss_start = ABSOLUTE (.)
                0x020152a0                PROVIDE (__sbss_start, ABSOLUTE (.))
                0x020152a0                PROVIDE (___sbss_start, ABSOLUTE (.))
 *(.dynsbss)
 *(.sbss .sbss.* .gnu.linkonce.sb.*)
 .sbss          0x020152a0        0x8 obj/main.o
                0x020152a0                file_count
                0x020152a4                file_number
 .sbss          0x020152a8       0xf4 obj/main.o
                0x020152a8                BS_BootSig_32
                0x020152ac                FAT32ClusEntryVal
                0x020152b0                MBR_Bootable
                0x020152b1                BS_FilSysType_16
                0x020152b9                BPB_SecPerClus
                0x020152bc                BPB_RootEntCnt
                0x020152c0                FATOffset
                0x020152c4                BPB_RootClus
                0x020152c8                BPB_ExtFlags
                0x020152cc                FirstRootDirSecNum
                0x020152d0                BS_DrvNum_32
                0x020152d4                BPB_SecPerTrk
                0x020152d8                BPB_HiddSec
                0x020152dc                mask
                0x020152e0                BS_FilSysType_32
                0x020152e8                MBR_Partition_Type
                0x020152e9                BS_JmpBoot
                0x020152ec                FirstDataSector
                0x020152f0                BPB_NumFATs
                0x020152f4                BPB_FATSz16
                0x020152f8                FAT16ClusEntryVal
                0x020152fc                ThisFATEntOffset
                0x02015300                BS_VOLID_16
                0x02015304                BPB_BytsPerSec
                0x02015308                BPB_FATSz32
                0x0201530c                FATSz
                0x02015310                BPB_BkBootSec
                0x02015314                FAT12ClusEntryVal
                0x02015318                BS_BootSig_16
                0x0201531c                FATClusEntryVal
                0x02015320                button2
                0x02015324                BPB_TotSec16
                0x02015328                cmd_buffer
                0x0201532d                read_status
                0x0201532e                BS_OEMName
                0x02015336                FATType
                0x0201533c                ThisFATSecNum
                0x02015340                button3
                0x02015344                MBR_Partition_Len
                0x02015348                MBR_End_End
                0x0201534c                sw
                0x02015350                BPB_TotSec32
                0x02015354                DataSec
                0x02015358                TotSec
                0x0201535c                CountofClusters
                0x02015360                length_cc
                0x02015364                button1
                0x02015368                RootDirSectors
                0x0201536c                BPB_RsvdSecCnt
                0x02015370                RCA
                0x02015374                BPB_NumHeads
                0x02015378                BS_VOLID_32
                0x0201537c                BS_DrvNum_16
                0x02015380                prevsw
                0x02015384                BPB_FSInfo
                0x02015388                BPB_Media
                0x0201538c                stop
                0x02015390                MBR_Start_Sector
                0x02015394                BPB_FSVer
                0x02015398                MBR_BS_Location
 .sbss          0x0201539c        0xc c:/software/altera/10.1/nios2eds/bin/gnu/h-i686-mingw32/bin/../lib/gcc/nios2-elf/4.1.2/../../../../nios2-elf/lib/mno-hw-mul\libc.a(lib_a-locale.o)
                0x0201539c                __nlocale_changed
                0x020153a0                __mlocale_changed
                0x020153a4                _PathLocale
 .sbss          0x020153a8        0xc c:/software/altera/10.1/nios2eds/bin/gnu/h-i686-mingw32/bin/../lib/gcc/nios2-elf/4.1.2/../../../../nios2-elf/lib/mno-hw-mul\libc.a(lib_a-mallocr.o)
                0x020153a8                __malloc_top_pad
                0x020153ac                __malloc_max_sbrked_mem
                0x020153b0                __malloc_max_total_mem
 .sbss          0x020153b4        0x4 c:/software/altera/10.1/nios2eds/bin/gnu/h-i686-mingw32/bin/../lib/gcc/nios2-elf/4.1.2/../../../../nios2-elf/lib/mno-hw-mul\libc.a(lib_a-int_errno.o)
                0x020153b4                errno
 .sbss          0x020153b8        0x4 ../lab2_bsp\libhal_bsp.a(alt_irq_vars.o)
                0x020153b8                alt_irq_active
 .sbss          0x020153bc        0xc ../lab2_bsp\libhal_bsp.a(alt_main.o)
                0x020153bc                alt_argc
                0x020153c0                alt_argv
                0x020153c4                alt_envp
 .sbss          0x020153c8        0x8 ../lab2_bsp\libhal_bsp.a(alt_tick.o)
                0x020153c8                _alt_tick_rate
                0x020153cc                _alt_nticks
 *(.sbss2 .sbss2.* .gnu.linkonce.sb2.*)
 *(.scommon)
                0x020153d0                PROVIDE (__sbss_end, ABSOLUTE (.))
                0x020153d0                PROVIDE (___sbss_end, ABSOLUTE (.))
 *(.dynbss)
 *(.bss .bss.* .gnu.linkonce.b.*)
 .bss           0x020153d0        0x0 ../lab2_bsp/obj/HAL/src/crt0.o
 .bss           0x020153d0        0x0 obj/LCD.o
 .bss           0x020153d0        0x0 obj/Open_I2C.o
 .bss           0x020153d0        0x0 obj/main.o
 .bss           0x020153d0        0x0 obj/wm8731.o
 .bss           0x020153d0        0x0 c:/software/altera/10.1/nios2eds/bin/gnu/h-i686-mingw32/bin/../lib/gcc/nios2-elf/4.1.2/../../../../nios2-elf/lib/mno-hw-mul\libm.a(lib_a-s_ceil.o)
 .bss           0x020153d0        0x0 c:/software/altera/10.1/nios2eds/bin/gnu/h-i686-mingw32/bin/../lib/gcc/nios2-elf/4.1.2/../../../../nios2-elf/lib/mno-hw-mul\libm.a(lib_a-s_floor.o)
 .bss           0x020153d0        0x0 c:/software/altera/10.1/nios2eds/bin/gnu/h-i686-mingw32/bin/../lib/gcc/nios2-elf/4.1.2/mno-hw-mul\libgcc.a(_addsub_df.o)
 .bss           0x020153d0        0x0 c:/software/altera/10.1/nios2eds/bin/gnu/h-i686-mingw32/bin/../lib/gcc/nios2-elf/4.1.2/mno-hw-mul\libgcc.a(_gt_df.o)
 .bss           0x020153d0        0x0 c:/software/altera/10.1/nios2eds/bin/gnu/h-i686-mingw32/bin/../lib/gcc/nios2-elf/4.1.2/mno-hw-mul\libgcc.a(_si_to_df.o)
 .bss           0x020153d0        0x0 c:/software/altera/10.1/nios2eds/bin/gnu/h-i686-mingw32/bin/../lib/gcc/nios2-elf/4.1.2/mno-hw-mul\libgcc.a(_df_to_si.o)
 .bss           0x020153d0        0x0 c:/software/altera/10.1/nios2eds/bin/gnu/h-i686-mingw32/bin/../lib/gcc/nios2-elf/4.1.2/mno-hw-mul\libgcc.a(_thenan_df.o)
 .bss           0x020153d0        0x0 c:/software/altera/10.1/nios2eds/bin/gnu/h-i686-mingw32/bin/../lib/gcc/nios2-elf/4.1.2/mno-hw-mul\libgcc.a(_usi_to_df.o)
 .bss           0x020153d0        0x0 c:/software/altera/10.1/nios2eds/bin/gnu/h-i686-mingw32/bin/../lib/gcc/nios2-elf/4.1.2/mno-hw-mul\libgcc.a(lib2-divmod.o)
 .bss           0x020153d0        0x0 c:/software/altera/10.1/nios2eds/bin/gnu/h-i686-mingw32/bin/../lib/gcc/nios2-elf/4.1.2/mno-hw-mul\libgcc.a(lib2-divtable.o)
 .bss           0x020153d0        0x0 c:/software/altera/10.1/nios2eds/bin/gnu/h-i686-mingw32/bin/../lib/gcc/nios2-elf/4.1.2/mno-hw-mul\libgcc.a(lib2-mul.o)
 .bss           0x020153d0        0x0 c:/software/altera/10.1/nios2eds/bin/gnu/h-i686-mingw32/bin/../lib/gcc/nios2-elf/4.1.2/mno-hw-mul\libgcc.a(_clzsi2.o)
 .bss           0x020153d0        0x0 c:/software/altera/10.1/nios2eds/bin/gnu/h-i686-mingw32/bin/../lib/gcc/nios2-elf/4.1.2/mno-hw-mul\libgcc.a(_pack_df.o)
 .bss           0x020153d0        0x0 c:/software/altera/10.1/nios2eds/bin/gnu/h-i686-mingw32/bin/../lib/gcc/nios2-elf/4.1.2/mno-hw-mul\libgcc.a(_unpack_df.o)
 .bss           0x020153d0        0x0 c:/software/altera/10.1/nios2eds/bin/gnu/h-i686-mingw32/bin/../lib/gcc/nios2-elf/4.1.2/mno-hw-mul\libgcc.a(_fpcmp_parts_df.o)
 .bss           0x020153d0        0x0 c:/software/altera/10.1/nios2eds/bin/gnu/h-i686-mingw32/bin/../lib/gcc/nios2-elf/4.1.2/mno-hw-mul\libgcc.a(_clz.o)
 .bss           0x020153d0        0x0 c:/software/altera/10.1/nios2eds/bin/gnu/h-i686-mingw32/bin/../lib/gcc/nios2-elf/4.1.2/../../../../nios2-elf/lib/mno-hw-mul\libc.a(lib_a-memset.o)
 .bss           0x020153d0        0x0 c:/software/altera/10.1/nios2eds/bin/gnu/h-i686-mingw32/bin/../lib/gcc/nios2-elf/4.1.2/../../../../nios2-elf/lib/mno-hw-mul\libc.a(lib_a-printf.o)
 .bss           0x020153d0        0x0 c:/software/altera/10.1/nios2eds/bin/gnu/h-i686-mingw32/bin/../lib/gcc/nios2-elf/4.1.2/../../../../nios2-elf/lib/mno-hw-mul\libc.a(lib_a-puts.o)
 .bss           0x020153d0        0x0 c:/software/altera/10.1/nios2eds/bin/gnu/h-i686-mingw32/bin/../lib/gcc/nios2-elf/4.1.2/../../../../nios2-elf/lib/mno-hw-mul\libc.a(lib_a-strcmp.o)
 .bss           0x020153d0        0x0 c:/software/altera/10.1/nios2eds/bin/gnu/h-i686-mingw32/bin/../lib/gcc/nios2-elf/4.1.2/../../../../nios2-elf/lib/mno-hw-mul\libc.a(lib_a-strcpy.o)
 .bss           0x020153d0        0x0 c:/software/altera/10.1/nios2eds/bin/gnu/h-i686-mingw32/bin/../lib/gcc/nios2-elf/4.1.2/../../../../nios2-elf/lib/mno-hw-mul\libc.a(lib_a-strlen.o)
 .bss           0x020153d0        0x0 c:/software/altera/10.1/nios2eds/bin/gnu/h-i686-mingw32/bin/../lib/gcc/nios2-elf/4.1.2/../../../../nios2-elf/lib/mno-hw-mul\libc.a(lib_a-vfprintf.o)
 .bss           0x020153d0        0x0 c:/software/altera/10.1/nios2eds/bin/gnu/h-i686-mingw32/bin/../lib/gcc/nios2-elf/4.1.2/../../../../nios2-elf/lib/mno-hw-mul\libc.a(lib_a-wsetup.o)
 .bss           0x020153d0        0x0 c:/software/altera/10.1/nios2eds/bin/gnu/h-i686-mingw32/bin/../lib/gcc/nios2-elf/4.1.2/../../../../nios2-elf/lib/mno-hw-mul\libc.a(lib_a-dtoa.o)
 .bss           0x020153d0        0x0 c:/software/altera/10.1/nios2eds/bin/gnu/h-i686-mingw32/bin/../lib/gcc/nios2-elf/4.1.2/../../../../nios2-elf/lib/mno-hw-mul\libc.a(lib_a-fflush.o)
 .bss           0x020153d0        0x0 c:/software/altera/10.1/nios2eds/bin/gnu/h-i686-mingw32/bin/../lib/gcc/nios2-elf/4.1.2/../../../../nios2-elf/lib/mno-hw-mul\libc.a(lib_a-findfp.o)
 .bss           0x020153d0        0x0 c:/software/altera/10.1/nios2eds/bin/gnu/h-i686-mingw32/bin/../lib/gcc/nios2-elf/4.1.2/../../../../nios2-elf/lib/mno-hw-mul\libc.a(lib_a-freer.o)
 .bss           0x020153d0        0x0 c:/software/altera/10.1/nios2eds/bin/gnu/h-i686-mingw32/bin/../lib/gcc/nios2-elf/4.1.2/../../../../nios2-elf/lib/mno-hw-mul\libc.a(lib_a-fvwrite.o)
 .bss           0x020153d0        0x0 c:/software/altera/10.1/nios2eds/bin/gnu/h-i686-mingw32/bin/../lib/gcc/nios2-elf/4.1.2/../../../../nios2-elf/lib/mno-hw-mul\libc.a(lib_a-fwalk.o)
 .bss           0x020153d0        0x0 c:/software/altera/10.1/nios2eds/bin/gnu/h-i686-mingw32/bin/../lib/gcc/nios2-elf/4.1.2/../../../../nios2-elf/lib/mno-hw-mul\libc.a(lib_a-impure.o)
 .bss           0x020153d0        0x0 c:/software/altera/10.1/nios2eds/bin/gnu/h-i686-mingw32/bin/../lib/gcc/nios2-elf/4.1.2/../../../../nios2-elf/lib/mno-hw-mul\libc.a(lib_a-locale.o)
 .bss           0x020153d0        0x0 c:/software/altera/10.1/nios2eds/bin/gnu/h-i686-mingw32/bin/../lib/gcc/nios2-elf/4.1.2/../../../../nios2-elf/lib/mno-hw-mul\libc.a(lib_a-makebuf.o)
 .bss           0x020153d0       0x28 c:/software/altera/10.1/nios2eds/bin/gnu/h-i686-mingw32/bin/../lib/gcc/nios2-elf/4.1.2/../../../../nios2-elf/lib/mno-hw-mul\libc.a(lib_a-mallocr.o)
                0x020153d0                __malloc_current_mallinfo
 .bss           0x020153f8        0x0 c:/software/altera/10.1/nios2eds/bin/gnu/h-i686-mingw32/bin/../lib/gcc/nios2-elf/4.1.2/../../../../nios2-elf/lib/mno-hw-mul\libc.a(lib_a-memchr.o)
 .bss           0x020153f8        0x0 c:/software/altera/10.1/nios2eds/bin/gnu/h-i686-mingw32/bin/../lib/gcc/nios2-elf/4.1.2/../../../../nios2-elf/lib/mno-hw-mul\libc.a(lib_a-memcpy.o)
 .bss           0x020153f8        0x0 c:/software/altera/10.1/nios2eds/bin/gnu/h-i686-mingw32/bin/../lib/gcc/nios2-elf/4.1.2/../../../../nios2-elf/lib/mno-hw-mul\libc.a(lib_a-memmove.o)
 .bss           0x020153f8        0x0 c:/software/altera/10.1/nios2eds/bin/gnu/h-i686-mingw32/bin/../lib/gcc/nios2-elf/4.1.2/../../../../nios2-elf/lib/mno-hw-mul\libc.a(lib_a-mprec.o)
 .bss           0x020153f8        0x0 c:/software/altera/10.1/nios2eds/bin/gnu/h-i686-mingw32/bin/../lib/gcc/nios2-elf/4.1.2/../../../../nios2-elf/lib/mno-hw-mul\libc.a(lib_a-reallocr.o)
 .bss           0x020153f8        0x0 c:/software/altera/10.1/nios2eds/bin/gnu/h-i686-mingw32/bin/../lib/gcc/nios2-elf/4.1.2/../../../../nios2-elf/lib/mno-hw-mul\libc.a(lib_a-s_isinfd.o)
 .bss           0x020153f8        0x0 c:/software/altera/10.1/nios2eds/bin/gnu/h-i686-mingw32/bin/../lib/gcc/nios2-elf/4.1.2/../../../../nios2-elf/lib/mno-hw-mul\libc.a(lib_a-s_isnand.o)
 .bss           0x020153f8        0x0 c:/software/altera/10.1/nios2eds/bin/gnu/h-i686-mingw32/bin/../lib/gcc/nios2-elf/4.1.2/../../../../nios2-elf/lib/mno-hw-mul\libc.a(lib_a-sbrkr.o)
 .bss           0x020153f8        0x0 c:/software/altera/10.1/nios2eds/bin/gnu/h-i686-mingw32/bin/../lib/gcc/nios2-elf/4.1.2/../../../../nios2-elf/lib/mno-hw-mul\libc.a(lib_a-stdio.o)
 .bss           0x020153f8        0x0 c:/software/altera/10.1/nios2eds/bin/gnu/h-i686-mingw32/bin/../lib/gcc/nios2-elf/4.1.2/../../../../nios2-elf/lib/mno-hw-mul\libc.a(lib_a-writer.o)
 .bss           0x020153f8        0x0 c:/software/altera/10.1/nios2eds/bin/gnu/h-i686-mingw32/bin/../lib/gcc/nios2-elf/4.1.2/../../../../nios2-elf/lib/mno-hw-mul\libc.a(lib_a-callocr.o)
 .bss           0x020153f8        0x0 c:/software/altera/10.1/nios2eds/bin/gnu/h-i686-mingw32/bin/../lib/gcc/nios2-elf/4.1.2/../../../../nios2-elf/lib/mno-hw-mul\libc.a(lib_a-closer.o)
 .bss           0x020153f8        0x0 c:/software/altera/10.1/nios2eds/bin/gnu/h-i686-mingw32/bin/../lib/gcc/nios2-elf/4.1.2/../../../../nios2-elf/lib/mno-hw-mul\libc.a(lib_a-fclose.o)
 .bss           0x020153f8        0x0 c:/software/altera/10.1/nios2eds/bin/gnu/h-i686-mingw32/bin/../lib/gcc/nios2-elf/4.1.2/../../../../nios2-elf/lib/mno-hw-mul\libc.a(lib_a-fstatr.o)
 .bss           0x020153f8        0x0 c:/software/altera/10.1/nios2eds/bin/gnu/h-i686-mingw32/bin/../lib/gcc/nios2-elf/4.1.2/../../../../nios2-elf/lib/mno-hw-mul\libc.a(lib_a-int_errno.o)
 .bss           0x020153f8        0x0 c:/software/altera/10.1/nios2eds/bin/gnu/h-i686-mingw32/bin/../lib/gcc/nios2-elf/4.1.2/../../../../nios2-elf/lib/mno-hw-mul\libc.a(lib_a-isattyr.o)
 .bss           0x020153f8        0x0 c:/software/altera/10.1/nios2eds/bin/gnu/h-i686-mingw32/bin/../lib/gcc/nios2-elf/4.1.2/../../../../nios2-elf/lib/mno-hw-mul\libc.a(lib_a-lseekr.o)
 .bss           0x020153f8        0x0 c:/software/altera/10.1/nios2eds/bin/gnu/h-i686-mingw32/bin/../lib/gcc/nios2-elf/4.1.2/../../../../nios2-elf/lib/mno-hw-mul\libc.a(lib_a-readr.o)
 .bss           0x020153f8        0x0 c:/software/altera/10.1/nios2eds/bin/gnu/h-i686-mingw32/bin/../lib/gcc/nios2-elf/4.1.2/mno-hw-mul\libgcc.a(_udivdi3.o)
 .bss           0x020153f8        0x0 c:/software/altera/10.1/nios2eds/bin/gnu/h-i686-mingw32/bin/../lib/gcc/nios2-elf/4.1.2/mno-hw-mul\libgcc.a(_umoddi3.o)
 .bss           0x020153f8        0x0 c:/software/altera/10.1/nios2eds/bin/gnu/h-i686-mingw32/bin/../lib/gcc/nios2-elf/4.1.2/mno-hw-mul\libgcc.a(_mul_df.o)
 .bss           0x020153f8        0x0 c:/software/altera/10.1/nios2eds/bin/gnu/h-i686-mingw32/bin/../lib/gcc/nios2-elf/4.1.2/mno-hw-mul\libgcc.a(_div_df.o)
 .bss           0x020153f8        0x0 c:/software/altera/10.1/nios2eds/bin/gnu/h-i686-mingw32/bin/../lib/gcc/nios2-elf/4.1.2/mno-hw-mul\libgcc.a(_eq_df.o)
 .bss           0x020153f8        0x0 c:/software/altera/10.1/nios2eds/bin/gnu/h-i686-mingw32/bin/../lib/gcc/nios2-elf/4.1.2/mno-hw-mul\libgcc.a(_ne_df.o)
 .bss           0x020153f8        0x0 c:/software/altera/10.1/nios2eds/bin/gnu/h-i686-mingw32/bin/../lib/gcc/nios2-elf/4.1.2/mno-hw-mul\libgcc.a(_ge_df.o)
 .bss           0x020153f8        0x0 c:/software/altera/10.1/nios2eds/bin/gnu/h-i686-mingw32/bin/../lib/gcc/nios2-elf/4.1.2/mno-hw-mul\libgcc.a(_lt_df.o)
 .bss           0x020153f8        0x0 c:/software/altera/10.1/nios2eds/bin/gnu/h-i686-mingw32/bin/../lib/gcc/nios2-elf/4.1.2/mno-hw-mul\libgcc.a(_muldi3.o)
 .bss           0x020153f8        0x0 ../lab2_bsp\libhal_bsp.a(alt_close.o)
 .bss           0x020153f8        0x0 ../lab2_bsp\libhal_bsp.a(alt_dev.o)
 .bss           0x020153f8        0x0 ../lab2_bsp\libhal_bsp.a(alt_errno.o)
 .bss           0x020153f8        0x0 ../lab2_bsp\libhal_bsp.a(alt_fstat.o)
 .bss           0x020153f8        0x0 ../lab2_bsp\libhal_bsp.a(alt_irq_register.o)
 .bss           0x020153f8        0x0 ../lab2_bsp\libhal_bsp.a(alt_irq_vars.o)
 .bss           0x020153f8        0x0 ../lab2_bsp\libhal_bsp.a(alt_isatty.o)
 .bss           0x020153f8        0x0 ../lab2_bsp\libhal_bsp.a(alt_load.o)
 .bss           0x020153f8        0x0 ../lab2_bsp\libhal_bsp.a(alt_lseek.o)
 .bss           0x020153f8        0x0 ../lab2_bsp\libhal_bsp.a(alt_main.o)
 .bss           0x020153f8        0x0 ../lab2_bsp\libhal_bsp.a(alt_malloc_lock.o)
 .bss           0x020153f8        0x0 ../lab2_bsp\libhal_bsp.a(alt_read.o)
 .bss           0x020153f8        0x0 ../lab2_bsp\libhal_bsp.a(alt_release_fd.o)
 .bss           0x020153f8        0x0 ../lab2_bsp\libhal_bsp.a(alt_sbrk.o)
 .bss           0x020153f8        0x0 ../lab2_bsp\libhal_bsp.a(alt_usleep.o)
 .bss           0x020153f8        0x0 ../lab2_bsp\libhal_bsp.a(alt_write.o)
 .bss           0x020153f8        0x0 ../lab2_bsp\libhal_bsp.a(alt_sys_init.o)
 .bss           0x020153f8        0x0 ../lab2_bsp\libhal_bsp.a(altera_avalon_jtag_uart_fd.o)
 .bss           0x020153f8        0x0 ../lab2_bsp\libhal_bsp.a(altera_avalon_jtag_uart_init.o)
 .bss           0x020153f8        0x0 ../lab2_bsp\libhal_bsp.a(altera_avalon_jtag_uart_ioctl.o)
 .bss           0x020153f8        0x0 ../lab2_bsp\libhal_bsp.a(altera_avalon_jtag_uart_read.o)
 .bss           0x020153f8        0x0 ../lab2_bsp\libhal_bsp.a(altera_avalon_jtag_uart_write.o)
 .bss           0x020153f8        0x0 ../lab2_bsp\libhal_bsp.a(altera_avalon_lcd_16207.o)
 .bss           0x020153f8        0x0 ../lab2_bsp\libhal_bsp.a(altera_avalon_lcd_16207_fd.o)
 .bss           0x020153f8        0x0 ../lab2_bsp\libhal_bsp.a(altera_avalon_timer_sc.o)
 .bss           0x020153f8        0x0 ../lab2_bsp\libhal_bsp.a(alt_alarm_start.o)
 .bss           0x020153f8        0x0 ../lab2_bsp\libhal_bsp.a(alt_busy_sleep.o)
 .bss           0x020153f8        0x0 ../lab2_bsp\libhal_bsp.a(alt_dcache_flush_all.o)
 .bss           0x020153f8        0x0 ../lab2_bsp\libhal_bsp.a(alt_dev_llist_insert.o)
 .bss           0x020153f8        0x0 ../lab2_bsp\libhal_bsp.a(alt_do_ctors.o)
 .bss           0x020153f8        0x0 ../lab2_bsp\libhal_bsp.a(alt_do_dtors.o)
 .bss           0x020153f8        0x0 ../lab2_bsp\libhal_bsp.a(alt_icache_flush_all.o)
 .bss           0x020153f8        0x0 ../lab2_bsp\libhal_bsp.a(alt_iic.o)
 .bss           0x020153f8        0x0 ../lab2_bsp\libhal_bsp.a(alt_iic_isr_register.o)
 .bss           0x020153f8        0x0 ../lab2_bsp\libhal_bsp.a(alt_io_redirect.o)
 .bss           0x020153f8        0x0 ../lab2_bsp\libhal_bsp.a(alt_irq_entry.o)
 .bss           0x020153f8        0x0 ../lab2_bsp\libhal_bsp.a(alt_irq_handler.o)
 .bss           0x020153f8        0x0 ../lab2_bsp\libhal_bsp.a(alt_open.o)
 .bss           0x020153f8        0x0 ../lab2_bsp\libhal_bsp.a(alt_tick.o)
 .bss           0x020153f8        0x0 ../lab2_bsp\libhal_bsp.a(altera_nios2_irq.o)
 .bss           0x020153f8        0x0 ../lab2_bsp\libhal_bsp.a(alt_exception_entry.o)
 .bss           0x020153f8        0x0 ../lab2_bsp\libhal_bsp.a(alt_find_dev.o)
 .bss           0x020153f8        0x0 ../lab2_bsp\libhal_bsp.a(alt_find_file.o)
 .bss           0x020153f8        0x0 ../lab2_bsp\libhal_bsp.a(alt_get_fd.o)
 .bss           0x020153f8        0x0 ../lab2_bsp\libhal_bsp.a(alt_icache_flush.o)
 .bss           0x020153f8        0x0 c:/software/altera/10.1/nios2eds/bin/gnu/h-i686-mingw32/bin/../lib/gcc/nios2-elf/4.1.2/../../../../nios2-elf/lib/mno-hw-mul\libc.a(lib_a-atexit.o)
 .bss           0x020153f8        0x0 c:/software/altera/10.1/nios2eds/bin/gnu/h-i686-mingw32/bin/../lib/gcc/nios2-elf/4.1.2/../../../../nios2-elf/lib/mno-hw-mul\libc.a(lib_a-ctype_.o)
 .bss           0x020153f8        0x0 c:/software/altera/10.1/nios2eds/bin/gnu/h-i686-mingw32/bin/../lib/gcc/nios2-elf/4.1.2/../../../../nios2-elf/lib/mno-hw-mul\libc.a(lib_a-exit.o)
 .bss           0x020153f8        0x0 c:/software/altera/10.1/nios2eds/bin/gnu/h-i686-mingw32/bin/../lib/gcc/nios2-elf/4.1.2/../../../../nios2-elf/lib/mno-hw-mul\libc.a(lib_a-memcmp.o)
 .bss           0x020153f8        0x0 c:/software/altera/10.1/nios2eds/bin/gnu/h-i686-mingw32/bin/../lib/gcc/nios2-elf/4.1.2/../../../../nios2-elf/lib/mno-hw-mul\libc.a(lib_a-__atexit.o)
 .bss           0x020153f8        0x0 c:/software/altera/10.1/nios2eds/bin/gnu/h-i686-mingw32/bin/../lib/gcc/nios2-elf/4.1.2/../../../../nios2-elf/lib/mno-hw-mul\libc.a(lib_a-__call_atexit.o)
 .bss           0x020153f8        0x0 ../lab2_bsp\libhal_bsp.a(alt_exit.o)
 *(COMMON)
 COMMON         0x020153f8    0x1a8ee obj/main.o
                0x020153f8                cc
                0x0201a218                response_buffer
                0x0201a22c                df
                0x0201a248                BS_VOLLab_32
                0x0201a253                buffer
                0x0201a453                dlybuf
                0x0202fcdb                BS_VOLLab_16
 *fill*         0x0202fce6        0x2 00
 COMMON         0x0202fce8      0x100 ../lab2_bsp\libhal_bsp.a(alt_irq_handler.o)
                0x0202fce8                alt_irq
 COMMON         0x0202fde8      0x190 c:/software/altera/10.1/nios2eds/bin/gnu/h-i686-mingw32/bin/../lib/gcc/nios2-elf/4.1.2/../../../../nios2-elf/lib/mno-hw-mul\libc.a(lib_a-atexit.o)
                0x0202fde8                _atexit0
                0x0202ff78                . = ALIGN (0x4)
                0x0202ff78                __bss_end = ABSOLUTE (.)

.sdram_0        0x0202ff78        0x0
                0x0202ff78                PROVIDE (_alt_partition_sdram_0_start, ABSOLUTE (.))
 *(.sdram_0. sdram_0.*)
                0x0202ff78                . = ALIGN (0x4)
                0x0202ff78                PROVIDE (_alt_partition_sdram_0_end, ABSOLUTE (.))
                0x0202ff78                _end = ABSOLUTE (.)
                0x0202ff78                end = ABSOLUTE (.)
                0x0202ff78                __alt_stack_base = ABSOLUTE (.)
                0x0202ff78                PROVIDE (_alt_partition_sdram_0_load_addr, LOADADDR (.sdram_0))

.stab
 *(.stab)

.stabstr
 *(.stabstr)

.stab.excl
 *(.stab.excl)

.stab.exclstr
 *(.stab.exclstr)

.stab.index
 *(.stab.index)

.stab.indexstr
 *(.stab.indexstr)

.comment        0x00000000       0x23
 *(.comment)
 .comment       0x00000000       0x23 obj/LCD.o
                                 0x24 (size before relaxing)
 .comment       0x00000000       0x24 obj/Open_I2C.o
 .comment       0x00000000       0x24 obj/main.o
 .comment       0x00000000       0x24 obj/wm8731.o
 .comment       0x00000000       0x24 c:/software/altera/10.1/nios2eds/bin/gnu/h-i686-mingw32/bin/../lib/gcc/nios2-elf/4.1.2/../../../../nios2-elf/lib/mno-hw-mul\libm.a(lib_a-s_ceil.o)
 .comment       0x00000000       0x24 c:/software/altera/10.1/nios2eds/bin/gnu/h-i686-mingw32/bin/../lib/gcc/nios2-elf/4.1.2/../../../../nios2-elf/lib/mno-hw-mul\libm.a(lib_a-s_floor.o)
 .comment       0x00000000       0x24 c:/software/altera/10.1/nios2eds/bin/gnu/h-i686-mingw32/bin/../lib/gcc/nios2-elf/4.1.2/mno-hw-mul\libgcc.a(_addsub_df.o)
 .comment       0x00000000       0x24 c:/software/altera/10.1/nios2eds/bin/gnu/h-i686-mingw32/bin/../lib/gcc/nios2-elf/4.1.2/mno-hw-mul\libgcc.a(_gt_df.o)
 .comment       0x00000000       0x24 c:/software/altera/10.1/nios2eds/bin/gnu/h-i686-mingw32/bin/../lib/gcc/nios2-elf/4.1.2/mno-hw-mul\libgcc.a(_si_to_df.o)
 .comment       0x00000000       0x24 c:/software/altera/10.1/nios2eds/bin/gnu/h-i686-mingw32/bin/../lib/gcc/nios2-elf/4.1.2/mno-hw-mul\libgcc.a(_df_to_si.o)
 .comment       0x00000000       0x24 c:/software/altera/10.1/nios2eds/bin/gnu/h-i686-mingw32/bin/../lib/gcc/nios2-elf/4.1.2/mno-hw-mul\libgcc.a(_thenan_df.o)
 .comment       0x00000000       0x24 c:/software/altera/10.1/nios2eds/bin/gnu/h-i686-mingw32/bin/../lib/gcc/nios2-elf/4.1.2/mno-hw-mul\libgcc.a(_usi_to_df.o)
 .comment       0x00000000       0x24 c:/software/altera/10.1/nios2eds/bin/gnu/h-i686-mingw32/bin/../lib/gcc/nios2-elf/4.1.2/mno-hw-mul\libgcc.a(lib2-divmod.o)
 .comment       0x00000000       0x24 c:/software/altera/10.1/nios2eds/bin/gnu/h-i686-mingw32/bin/../lib/gcc/nios2-elf/4.1.2/mno-hw-mul\libgcc.a(lib2-divtable.o)
 .comment       0x00000000       0x24 c:/software/altera/10.1/nios2eds/bin/gnu/h-i686-mingw32/bin/../lib/gcc/nios2-elf/4.1.2/mno-hw-mul\libgcc.a(lib2-mul.o)
 .comment       0x00000000       0x24 c:/software/altera/10.1/nios2eds/bin/gnu/h-i686-mingw32/bin/../lib/gcc/nios2-elf/4.1.2/mno-hw-mul\libgcc.a(_clzsi2.o)
 .comment       0x00000000       0x24 c:/software/altera/10.1/nios2eds/bin/gnu/h-i686-mingw32/bin/../lib/gcc/nios2-elf/4.1.2/mno-hw-mul\libgcc.a(_pack_df.o)
 .comment       0x00000000       0x24 c:/software/altera/10.1/nios2eds/bin/gnu/h-i686-mingw32/bin/../lib/gcc/nios2-elf/4.1.2/mno-hw-mul\libgcc.a(_unpack_df.o)
 .comment       0x00000000       0x24 c:/software/altera/10.1/nios2eds/bin/gnu/h-i686-mingw32/bin/../lib/gcc/nios2-elf/4.1.2/mno-hw-mul\libgcc.a(_fpcmp_parts_df.o)
 .comment       0x00000000       0x24 c:/software/altera/10.1/nios2eds/bin/gnu/h-i686-mingw32/bin/../lib/gcc/nios2-elf/4.1.2/mno-hw-mul\libgcc.a(_clz.o)
 .comment       0x00000000       0x24 c:/software/altera/10.1/nios2eds/bin/gnu/h-i686-mingw32/bin/../lib/gcc/nios2-elf/4.1.2/../../../../nios2-elf/lib/mno-hw-mul\libc.a(lib_a-memset.o)
 .comment       0x00000000       0x24 c:/software/altera/10.1/nios2eds/bin/gnu/h-i686-mingw32/bin/../lib/gcc/nios2-elf/4.1.2/../../../../nios2-elf/lib/mno-hw-mul\libc.a(lib_a-printf.o)
 .comment       0x00000000       0x24 c:/software/altera/10.1/nios2eds/bin/gnu/h-i686-mingw32/bin/../lib/gcc/nios2-elf/4.1.2/../../../../nios2-elf/lib/mno-hw-mul\libc.a(lib_a-puts.o)
 .comment       0x00000000       0x24 c:/software/altera/10.1/nios2eds/bin/gnu/h-i686-mingw32/bin/../lib/gcc/nios2-elf/4.1.2/../../../../nios2-elf/lib/mno-hw-mul\libc.a(lib_a-strcmp.o)
 .comment       0x00000000       0x24 c:/software/altera/10.1/nios2eds/bin/gnu/h-i686-mingw32/bin/../lib/gcc/nios2-elf/4.1.2/../../../../nios2-elf/lib/mno-hw-mul\libc.a(lib_a-strcpy.o)
 .comment       0x00000000       0x24 c:/software/altera/10.1/nios2eds/bin/gnu/h-i686-mingw32/bin/../lib/gcc/nios2-elf/4.1.2/../../../../nios2-elf/lib/mno-hw-mul\libc.a(lib_a-strlen.o)
 .comment       0x00000000       0x24 c:/software/altera/10.1/nios2eds/bin/gnu/h-i686-mingw32/bin/../lib/gcc/nios2-elf/4.1.2/../../../../nios2-elf/lib/mno-hw-mul\libc.a(lib_a-vfprintf.o)
 .comment       0x00000000       0x24 c:/software/altera/10.1/nios2eds/bin/gnu/h-i686-mingw32/bin/../lib/gcc/nios2-elf/4.1.2/../../../../nios2-elf/lib/mno-hw-mul\libc.a(lib_a-wsetup.o)
 .comment       0x00000000       0x24 c:/software/altera/10.1/nios2eds/bin/gnu/h-i686-mingw32/bin/../lib/gcc/nios2-elf/4.1.2/../../../../nios2-elf/lib/mno-hw-mul\libc.a(lib_a-dtoa.o)
 .comment       0x00000000       0x24 c:/software/altera/10.1/nios2eds/bin/gnu/h-i686-mingw32/bin/../lib/gcc/nios2-elf/4.1.2/../../../../nios2-elf/lib/mno-hw-mul\libc.a(lib_a-fflush.o)
 .comment       0x00000000       0x24 c:/software/altera/10.1/nios2eds/bin/gnu/h-i686-mingw32/bin/../lib/gcc/nios2-elf/4.1.2/../../../../nios2-elf/lib/mno-hw-mul\libc.a(lib_a-findfp.o)
 .comment       0x00000000       0x24 c:/software/altera/10.1/nios2eds/bin/gnu/h-i686-mingw32/bin/../lib/gcc/nios2-elf/4.1.2/../../../../nios2-elf/lib/mno-hw-mul\libc.a(lib_a-freer.o)
 .comment       0x00000000       0x24 c:/software/altera/10.1/nios2eds/bin/gnu/h-i686-mingw32/bin/../lib/gcc/nios2-elf/4.1.2/../../../../nios2-elf/lib/mno-hw-mul\libc.a(lib_a-fvwrite.o)
 .comment       0x00000000       0x24 c:/software/altera/10.1/nios2eds/bin/gnu/h-i686-mingw32/bin/../lib/gcc/nios2-elf/4.1.2/../../../../nios2-elf/lib/mno-hw-mul\libc.a(lib_a-fwalk.o)
 .comment       0x00000000       0x24 c:/software/altera/10.1/nios2eds/bin/gnu/h-i686-mingw32/bin/../lib/gcc/nios2-elf/4.1.2/../../../../nios2-elf/lib/mno-hw-mul\libc.a(lib_a-impure.o)
 .comment       0x00000000       0x24 c:/software/altera/10.1/nios2eds/bin/gnu/h-i686-mingw32/bin/../lib/gcc/nios2-elf/4.1.2/../../../../nios2-elf/lib/mno-hw-mul\libc.a(lib_a-locale.o)
 .comment       0x00000000       0x24 c:/software/altera/10.1/nios2eds/bin/gnu/h-i686-mingw32/bin/../lib/gcc/nios2-elf/4.1.2/../../../../nios2-elf/lib/mno-hw-mul\libc.a(lib_a-makebuf.o)
 .comment       0x00000000       0x24 c:/software/altera/10.1/nios2eds/bin/gnu/h-i686-mingw32/bin/../lib/gcc/nios2-elf/4.1.2/../../../../nios2-elf/lib/mno-hw-mul\libc.a(lib_a-mallocr.o)
 .comment       0x00000000       0x24 c:/software/altera/10.1/nios2eds/bin/gnu/h-i686-mingw32/bin/../lib/gcc/nios2-elf/4.1.2/../../../../nios2-elf/lib/mno-hw-mul\libc.a(lib_a-memchr.o)
 .comment       0x00000000       0x24 c:/software/altera/10.1/nios2eds/bin/gnu/h-i686-mingw32/bin/../lib/gcc/nios2-elf/4.1.2/../../../../nios2-elf/lib/mno-hw-mul\libc.a(lib_a-memcpy.o)
 .comment       0x00000000       0x24 c:/software/altera/10.1/nios2eds/bin/gnu/h-i686-mingw32/bin/../lib/gcc/nios2-elf/4.1.2/../../../../nios2-elf/lib/mno-hw-mul\libc.a(lib_a-memmove.o)
 .comment       0x00000000       0x24 c:/software/altera/10.1/nios2eds/bin/gnu/h-i686-mingw32/bin/../lib/gcc/nios2-elf/4.1.2/../../../../nios2-elf/lib/mno-hw-mul\libc.a(lib_a-mprec.o)
 .comment       0x00000000       0x24 c:/software/altera/10.1/nios2eds/bin/gnu/h-i686-mingw32/bin/../lib/gcc/nios2-elf/4.1.2/../../../../nios2-elf/lib/mno-hw-mul\libc.a(lib_a-reallocr.o)
 .comment       0x00000000       0x24 c:/software/altera/10.1/nios2eds/bin/gnu/h-i686-mingw32/bin/../lib/gcc/nios2-elf/4.1.2/../../../../nios2-elf/lib/mno-hw-mul\libc.a(lib_a-s_isinfd.o)
 .comment       0x00000000       0x24 c:/software/altera/10.1/nios2eds/bin/gnu/h-i686-mingw32/bin/../lib/gcc/nios2-elf/4.1.2/../../../../nios2-elf/lib/mno-hw-mul\libc.a(lib_a-s_isnand.o)
 .comment       0x00000000       0x24 c:/software/altera/10.1/nios2eds/bin/gnu/h-i686-mingw32/bin/../lib/gcc/nios2-elf/4.1.2/../../../../nios2-elf/lib/mno-hw-mul\libc.a(lib_a-sbrkr.o)
 .comment       0x00000000       0x24 c:/software/altera/10.1/nios2eds/bin/gnu/h-i686-mingw32/bin/../lib/gcc/nios2-elf/4.1.2/../../../../nios2-elf/lib/mno-hw-mul\libc.a(lib_a-stdio.o)
 .comment       0x00000000       0x24 c:/software/altera/10.1/nios2eds/bin/gnu/h-i686-mingw32/bin/../lib/gcc/nios2-elf/4.1.2/../../../../nios2-elf/lib/mno-hw-mul\libc.a(lib_a-writer.o)
 .comment       0x00000000       0x24 c:/software/altera/10.1/nios2eds/bin/gnu/h-i686-mingw32/bin/../lib/gcc/nios2-elf/4.1.2/../../../../nios2-elf/lib/mno-hw-mul\libc.a(lib_a-callocr.o)
 .comment       0x00000000       0x24 c:/software/altera/10.1/nios2eds/bin/gnu/h-i686-mingw32/bin/../lib/gcc/nios2-elf/4.1.2/../../../../nios2-elf/lib/mno-hw-mul\libc.a(lib_a-closer.o)
 .comment       0x00000000       0x24 c:/software/altera/10.1/nios2eds/bin/gnu/h-i686-mingw32/bin/../lib/gcc/nios2-elf/4.1.2/../../../../nios2-elf/lib/mno-hw-mul\libc.a(lib_a-fclose.o)
 .comment       0x00000000       0x24 c:/software/altera/10.1/nios2eds/bin/gnu/h-i686-mingw32/bin/../lib/gcc/nios2-elf/4.1.2/../../../../nios2-elf/lib/mno-hw-mul\libc.a(lib_a-fstatr.o)
 .comment       0x00000000       0x24 c:/software/altera/10.1/nios2eds/bin/gnu/h-i686-mingw32/bin/../lib/gcc/nios2-elf/4.1.2/../../../../nios2-elf/lib/mno-hw-mul\libc.a(lib_a-int_errno.o)
 .comment       0x00000000       0x24 c:/software/altera/10.1/nios2eds/bin/gnu/h-i686-mingw32/bin/../lib/gcc/nios2-elf/4.1.2/../../../../nios2-elf/lib/mno-hw-mul\libc.a(lib_a-isattyr.o)
 .comment       0x00000000       0x24 c:/software/altera/10.1/nios2eds/bin/gnu/h-i686-mingw32/bin/../lib/gcc/nios2-elf/4.1.2/../../../../nios2-elf/lib/mno-hw-mul\libc.a(lib_a-lseekr.o)
 .comment       0x00000000       0x24 c:/software/altera/10.1/nios2eds/bin/gnu/h-i686-mingw32/bin/../lib/gcc/nios2-elf/4.1.2/../../../../nios2-elf/lib/mno-hw-mul\libc.a(lib_a-readr.o)
 .comment       0x00000000       0x24 c:/software/altera/10.1/nios2eds/bin/gnu/h-i686-mingw32/bin/../lib/gcc/nios2-elf/4.1.2/mno-hw-mul\libgcc.a(_udivdi3.o)
 .comment       0x00000000       0x24 c:/software/altera/10.1/nios2eds/bin/gnu/h-i686-mingw32/bin/../lib/gcc/nios2-elf/4.1.2/mno-hw-mul\libgcc.a(_umoddi3.o)
 .comment       0x00000000       0x24 c:/software/altera/10.1/nios2eds/bin/gnu/h-i686-mingw32/bin/../lib/gcc/nios2-elf/4.1.2/mno-hw-mul\libgcc.a(_mul_df.o)
 .comment       0x00000000       0x24 c:/software/altera/10.1/nios2eds/bin/gnu/h-i686-mingw32/bin/../lib/gcc/nios2-elf/4.1.2/mno-hw-mul\libgcc.a(_div_df.o)
 .comment       0x00000000       0x24 c:/software/altera/10.1/nios2eds/bin/gnu/h-i686-mingw32/bin/../lib/gcc/nios2-elf/4.1.2/mno-hw-mul\libgcc.a(_eq_df.o)
 .comment       0x00000000       0x24 c:/software/altera/10.1/nios2eds/bin/gnu/h-i686-mingw32/bin/../lib/gcc/nios2-elf/4.1.2/mno-hw-mul\libgcc.a(_ne_df.o)
 .comment       0x00000000       0x24 c:/software/altera/10.1/nios2eds/bin/gnu/h-i686-mingw32/bin/../lib/gcc/nios2-elf/4.1.2/mno-hw-mul\libgcc.a(_ge_df.o)
 .comment       0x00000000       0x24 c:/software/altera/10.1/nios2eds/bin/gnu/h-i686-mingw32/bin/../lib/gcc/nios2-elf/4.1.2/mno-hw-mul\libgcc.a(_lt_df.o)
 .comment       0x00000000       0x24 c:/software/altera/10.1/nios2eds/bin/gnu/h-i686-mingw32/bin/../lib/gcc/nios2-elf/4.1.2/mno-hw-mul\libgcc.a(_muldi3.o)
 .comment       0x00000000       0x24 ../lab2_bsp\libhal_bsp.a(alt_close.o)
 .comment       0x00000000       0x24 ../lab2_bsp\libhal_bsp.a(alt_dev.o)
 .comment       0x00000000       0x24 ../lab2_bsp\libhal_bsp.a(alt_errno.o)
 .comment       0x00000000       0x24 ../lab2_bsp\libhal_bsp.a(alt_fstat.o)
 .comment       0x00000000       0x24 ../lab2_bsp\libhal_bsp.a(alt_irq_register.o)
 .comment       0x00000000       0x24 ../lab2_bsp\libhal_bsp.a(alt_irq_vars.o)
 .comment       0x00000000       0x24 ../lab2_bsp\libhal_bsp.a(alt_isatty.o)
 .comment       0x00000000       0x24 ../lab2_bsp\libhal_bsp.a(alt_load.o)
 .comment       0x00000000       0x24 ../lab2_bsp\libhal_bsp.a(alt_lseek.o)
 .comment       0x00000000       0x24 ../lab2_bsp\libhal_bsp.a(alt_main.o)
 .comment       0x00000000       0x24 ../lab2_bsp\libhal_bsp.a(alt_malloc_lock.o)
 .comment       0x00000000       0x24 ../lab2_bsp\libhal_bsp.a(alt_read.o)
 .comment       0x00000000       0x24 ../lab2_bsp\libhal_bsp.a(alt_release_fd.o)
 .comment       0x00000000       0x24 ../lab2_bsp\libhal_bsp.a(alt_sbrk.o)
 .comment       0x00000000       0x24 ../lab2_bsp\libhal_bsp.a(alt_usleep.o)
 .comment       0x00000000       0x24 ../lab2_bsp\libhal_bsp.a(alt_write.o)
 .comment       0x00000000       0x24 ../lab2_bsp\libhal_bsp.a(alt_sys_init.o)
 .comment       0x00000000       0x24 ../lab2_bsp\libhal_bsp.a(altera_avalon_jtag_uart_fd.o)
 .comment       0x00000000       0x24 ../lab2_bsp\libhal_bsp.a(altera_avalon_jtag_uart_init.o)
 .comment       0x00000000       0x24 ../lab2_bsp\libhal_bsp.a(altera_avalon_jtag_uart_ioctl.o)
 .comment       0x00000000       0x24 ../lab2_bsp\libhal_bsp.a(altera_avalon_jtag_uart_read.o)
 .comment       0x00000000       0x24 ../lab2_bsp\libhal_bsp.a(altera_avalon_jtag_uart_write.o)
 .comment       0x00000000       0x24 ../lab2_bsp\libhal_bsp.a(altera_avalon_lcd_16207.o)
 .comment       0x00000000       0x24 ../lab2_bsp\libhal_bsp.a(altera_avalon_lcd_16207_fd.o)
 .comment       0x00000000       0x24 ../lab2_bsp\libhal_bsp.a(altera_avalon_timer_sc.o)
 .comment       0x00000000       0x24 ../lab2_bsp\libhal_bsp.a(alt_alarm_start.o)
 .comment       0x00000000       0x24 ../lab2_bsp\libhal_bsp.a(alt_busy_sleep.o)
 .comment       0x00000000       0x24 ../lab2_bsp\libhal_bsp.a(alt_dcache_flush_all.o)
 .comment       0x00000000       0x24 ../lab2_bsp\libhal_bsp.a(alt_dev_llist_insert.o)
 .comment       0x00000000       0x24 ../lab2_bsp\libhal_bsp.a(alt_do_ctors.o)
 .comment       0x00000000       0x24 ../lab2_bsp\libhal_bsp.a(alt_do_dtors.o)
 .comment       0x00000000       0x24 ../lab2_bsp\libhal_bsp.a(alt_icache_flush_all.o)
 .comment       0x00000000       0x24 ../lab2_bsp\libhal_bsp.a(alt_iic.o)
 .comment       0x00000000       0x24 ../lab2_bsp\libhal_bsp.a(alt_iic_isr_register.o)
 .comment       0x00000000       0x24 ../lab2_bsp\libhal_bsp.a(alt_io_redirect.o)
 .comment       0x00000000       0x24 ../lab2_bsp\libhal_bsp.a(alt_irq_handler.o)
 .comment       0x00000000       0x24 ../lab2_bsp\libhal_bsp.a(alt_open.o)
 .comment       0x00000000       0x24 ../lab2_bsp\libhal_bsp.a(alt_tick.o)
 .comment       0x00000000       0x24 ../lab2_bsp\libhal_bsp.a(altera_nios2_irq.o)
 .comment       0x00000000       0x24 ../lab2_bsp\libhal_bsp.a(alt_find_dev.o)
 .comment       0x00000000       0x24 ../lab2_bsp\libhal_bsp.a(alt_find_file.o)
 .comment       0x00000000       0x24 ../lab2_bsp\libhal_bsp.a(alt_get_fd.o)
 .comment       0x00000000       0x24 ../lab2_bsp\libhal_bsp.a(alt_icache_flush.o)
 .comment       0x00000000       0x24 c:/software/altera/10.1/nios2eds/bin/gnu/h-i686-mingw32/bin/../lib/gcc/nios2-elf/4.1.2/../../../../nios2-elf/lib/mno-hw-mul\libc.a(lib_a-atexit.o)